
屌丝  网民  解构  阿Q  网络亚文化  贴吧  群体自嘲  身份卑微  
钟南山  肺癌患病率  深圳新闻网  政府工作  油品质量  呼吸疾病  
中国特色社会主义  社会主义初级阶段  科学发展观  生态文明  社会公平正义  居民收入  中华民族伟大复兴  主体功能区  国土空间开发  收入分配差距  城乡发展一体化  小康社会  改善民生  社会主义文化强国  事业单位  城镇化  培养选拔  理想信念  引领  社会主义市场经济体制  社会生产力  交流合作  全体人民  重要战略机遇  取得重大进展  生态系统  稳步推进  防控  加快转变  国际金融危机  军事斗争准备  地区扶持力度  社会主义先进文化  农业综合生产能力  食品药品安全  宏观调控体系  人民共同愿望  创新型国家  司法公信  基本养老保险  全体中华儿女  战略性新兴产业  海外合法权益  全体人民共同  党风廉政建设  面前人人平等  文化软实力  保证人民当家作主  社会救助体系  全民医保  政社分开  创新驱动发展  建设成效  人事制度改革  代表比例  面向未来  实体经济  科学化水平  基层党建  均等化  全面建成小康社会  城市社区  粮食安全  整体实力  年轻干部  政府主导  严重曲折  耕地保护  祖国内地  科学回答  充满活力  国内外形势  人民积极性  安全威胁  党代会代表  物质文化  监管体制  国际影响力  自觉遵守  劳动报酬  现代服务业  城乡社区  命运共同体  扎实推进  幸福安康  核心价值观  初次分配  国民收入分配  人民福祉  平等互信  毫不动摇坚持  项基本  重要战略机遇期  转变经济发展方式  加快转变经济发展方式  社会主义核心价值体系  建设取得重大进展  实现中华民族伟大复兴  军民融合式发展  基本公共服务均等化  改革开放  维护社会公平正义  
屌丝  网民  解构  阿Q  网络亚文化  贴吧  群体自嘲  身份卑微  
屌丝  网民  解构  屌丝文化  阿Q  网络亚文化  群体自嘲  身份卑微  富帅  
屌丝#网民#解构#屌丝文化#阿Q#网络亚文化#群体自嘲#身份卑微#富帅#






惠民殡葬政策#经营性公墓#城镇公益性公墓#基本殡葬服务#殡葬服务#公益性公墓建设#惠民殡葬#公益性公墓#城市公墓#殡葬服务市场#地区惠民殡葬#基本公共服务#殡葬暴利#服务市场#公共服务#公益性墓#发展水平#保障制度#殡葬事业#资金投入#民政部门依法#存在暴利#服务保障#县级财政#公墓价格#安葬服务#殡仪服务#购买墓地#减免补贴#丧葬用品#殡葬用品#骨灰寄存#城镇公益性公墓建设#
惠民殡葬政策#经营性公墓#城镇公益性公墓#基本殡葬服务#殡葬服务#公益性公墓建设#惠民殡葬#公益性公墓#城市公墓#殡葬服务市场#地区惠民殡葬#基本公共服务#殡葬暴利#服务市场#公共服务#公益性墓#发展水平#保障制度#殡葬事业#资金投入#民政部门依法#存在暴利#服务保障#县级财政#公墓价格#安葬服务#殡仪服务#购买墓地#减免补贴#丧葬用品#殡葬用品#骨灰寄存#城镇公益性公墓建设#


屌丝#网民#解构#屌丝文化#阿Q#网络亚文化#群体自嘲#身份卑微#
惠民殡葬政策#经营性公墓#城镇公益性公墓#基本殡葬服务#殡葬服务#公益性公墓建设#惠民殡葬#公益性公墓#城市公墓#殡葬服务市场#地区惠民殡葬#基本公共服务#殡葬暴利#服务市场#公共服务#公益性墓#发展水平#保障制度#殡葬事业#资金投入#民政部门依法#存在暴利#服务保障#县级财政#公墓价格#安葬服务#殡仪服务#购买墓地#减免补贴#丧葬用品#殡葬用品#骨灰寄存#城镇公益性公墓建设#
屌丝#网民#解构#屌丝文化#阿Q#网络亚文化#群体自嘲#身份卑微#
惠民殡葬政策#经营性公墓#城镇公益性公墓#基本殡葬服务#殡葬服务#公益性公墓建设#惠民殡葬#公益性公墓#城市公墓#殡葬服务市场#地区惠民殡葬#基本公共服务#殡葬暴利#服务市场#公共服务#公益性墓#发展水平#保障制度#殡葬事业#资金投入#民政部门依法#存在暴利#服务保障#县级财政#公墓价格#安葬服务#殡仪服务#购买墓地#减免补贴#丧葬用品#殡葬用品#骨灰寄存#城镇公益性公墓建设#
屌丝#网民#解构#屌丝文化#阿Q#网络亚文化#群体自嘲#身份卑微#
惠民殡葬政策#经营性公墓#城镇公益性公墓#基本殡葬服务#殡葬服务#公益性公墓建设#惠民殡葬#公益性公墓#城市公墓#殡葬服务市场#地区惠民殡葬#基本公共服务#殡葬暴利#服务市场#公共服务#公益性墓#发展水平#保障制度#殡葬事业#资金投入#民政部门依法#存在暴利#服务保障#县级财政#公墓价格#安葬服务#殡仪服务#购买墓地#减免补贴#丧葬用品#殡葬用品#骨灰寄存#城镇公益性公墓建设#
惠民殡葬政策#经营性公墓#城镇公益性公墓#基本殡葬服务#殡葬服务#公益性公墓建设#惠民殡葬#公益性公墓#城市公墓#殡葬服务市场#地区惠民殡葬#基本公共服务#殡葬暴利#服务市场#公共服务#公益性墓#发展水平#保障制度#殡葬事业#资金投入#民政部门依法#存在暴利#服务保障#县级财政#公墓价格#安葬服务#殡仪服务#购买墓地#减免补贴#丧葬用品#殡葬用品#骨灰寄存#城镇公益性公墓建设#
惠民殡葬政策#经营性公墓#城镇公益性公墓#基本殡葬服务#殡葬服务#公益性公墓建设#惠民殡葬#公益性公墓#城市公墓#殡葬服务市场#地区惠民殡葬#基本公共服务#殡葬暴利#服务市场#公共服务#公益性墓#发展水平#保障制度#殡葬事业#资金投入#民政部门依法#存在暴利#服务保障#县级财政#公墓价格#安葬服务#殡仪服务#购买墓地#减免补贴#丧葬用品#殡葬用品#骨灰寄存#城镇公益性公墓建设#
惠民殡葬政策#经营性公墓#城镇公益性公墓#基本殡葬服务#殡葬服务#公益性公墓建设#惠民殡葬#公益性公墓#城市公墓#殡葬服务市场#地区惠民殡葬#基本公共服务#殡葬暴利#服务市场#公共服务#公益性墓#发展水平#保障制度#殡葬事业#资金投入#民政部门依法#存在暴利#服务保障#县级财政#公墓价格#安葬服务#殡仪服务#购买墓地#减免补贴#丧葬用品#殡葬用品#骨灰寄存#城镇公益性公墓建设#
屌丝#网民#解构#屌丝文化#阿Q#网络亚文化#群体自嘲#身份卑微#
