储物空间 nah
自动启停 nah
推背感 an
顿挫感 an
电子档杆 nah
运动模式 nah
标配 nah
互联驾驶 nah
避震 nah
试驾 nah
怠速 nah
驾驶者 nah
后备箱 nah
节能模式 nah
悬架 nah
科技感 an
驾驶乐趣 nah
首保 nah
急加速 nah
排量 nah
优惠幅度 nah
氛围灯 nah
侧倾 nah
舒适进入 nah
桃木 nah
液晶仪表 nah
涡轮增压 nah
贴膜 nah
吐槽 vn
回头率 nz
经济模式 nah
烧机油 nah
头部空间 nah
增配 nah
杯架 nah
蓝牙 nah
遮阳帘 nah
调校 vn
倒车影像 nah
扶手箱 n_new
德系 n_new
流线 an
腰部支撑 nah
动力输出 nah
腰线 nah
简配 nah
坑爹 a
刷隐藏 nah
自然吸气 nah
全景天窗 nah
激烈驾驶 nah
启停 nah
试驾车 nah
接缝 nah
门把手 nah
包裹性 an
矿石白 nah
商务接送 nah
减配 nah
腰托 nah
顿挫 an
座椅通风 nah
手套箱 nah
档杆 nah
电子档 nah
扭矩 nah
商务接待 nah
操控 nah
纯市区 nah
中央扶手 nah
电脑显示 nah
雪山白 nah
翘二郎腿 an
加速能力 nah
跷二郎腿 an
涡轮介入 nah
费油 nah
风燥 nah
转弯半径 nah
精准 a
鸡腿 nah
辨识度 nah
大脚油门 nah
腰酸 nah
适合年轻人 nah
后备厢 nah
品牌价值 nah
油门响应 nah
有待提高 ad
值得拥有 ad
同等价位 nah
质保 nah
驾乘 nah
油门踏板 nah
横向空间 nah
团购 nah
储物 nah
鼓包 a
甩尾 an
尾门 nah
炭包 nah
握感 nah
品牌效应 nah
有待加强 ad
动力总成 nah
淘宝 nz
灯眉 nah
后期维护 nah
雾灯 nah
地板油 nah
瞬时油耗 nah
十佳发动机 nah
冰雪路面 nah
涡轮迟滞 nah
识别度 nah
主动转向 nah
彰显 v
操控见长 nah
抬头显示 nah
皮料 nah
排气管 nah
吸引眼球 an
乞丐版 nah
纵向空间 nah
中段加速 nah
储物柜 nah
波箱 nah
解锁 nah
防爆 nah
空调制冷 nah
动力源源不断 nah
品牌影响力 nah
性价比 nah
链接 nah
怀挡 nah
喜欢开快车 nah
烤漆 nah
直列 nah
力量感 nah
回收系统 nah
推背 nah
驾龄 nah
软硬度 nah
有点说不过去 vd
容易上手 vd
实时路况 nah
轿跑 nah
品牌知名度 nah
线条优美 nah
拉拉高速 nah
独立空调 nah
追尾 nah
动力强劲 an
动力充沛 an
娱乐系统 nah
一级棒 a
没有眼镜盒 nah
值得称赞 a
沥青门 nah
格栅 nah
同一级别 nah
硬伤 nah
接受范围 nah
客户投诉 nah
掌控 v
范围之内 nah
触感 nah
一般般 ad
发烧友 nah
空间巨大 nah
抬显 nah
溢价 nah
渗油 nah
后视镜折叠 nah
值得信赖 vf
大气上档次 a
尾喉 nah
凑活 a
两相宜 a
宝石青 nah
红棕 nah
宜商 nah
无钥匙进入 nah
防眩 nah
保养周期 nah
宝马总部 nah
行驶证 nah
极力推荐 v
混动 nah
放饮料 nah
操作界面 nah
迎宾灯 nah
正副驾驶 nah
弹射起步 nah
销售顾问 nah
发动机舱 nah
挫感 an
一拼 ad
设计套装 nah
动力储备 nah
使劲踩 v
车身庞大 nah
品牌响亮 nah
单边双出 nah
实话实说 nah
储物格子 nah
舒适性 nah
防暴轮胎 nah
值得表扬 vf
踏油门 nah
销售小姐 nah
差评 nah
压迫感 an
停车入库 nah
帝王蓝 nah
直奔宝马 nah
悦动 nah
做工精良 nah
品牌号召力 nah
排气筒 nah
日间行车灯 nah
操控著称 nah
双边单出 nah
电流声 nah
简单明了 a
做工优良 an
大油门 nah
霸气外露 nah
韩系 nah
认知度 nah
品牌认知 nah
宝马特有 nah
曼音响 nah
面子工程 nah
全市区 nah
楼主 nah
罚单 nah
改装潜力 nah
安全隐患 nah
明星发动机 nah
油老虎 nah
粤宝 nah
蝴蝶尾灯 nah
全景摄像机 nah
珍珠白 nah
换挡逻辑 nah
劈弯 nah
自动收缩 nah
空间狭小 nah
颜值 nah
避振 nah
发动机仓 nah
方形排气 nah
前机盖 nah
密闭性 nah
底盘装甲 nah
排挡杆 nah
刷ECU nah
进攻性 nah
稍微弱 ad
调效 nah
优惠点数 nah
松开油门 nah
直角转弯 nah
液晶表盘 nah
交互系统 nah
6速变速器 nah
8速变速器 nah
自动收紧 nah
一点半点 ad
没有可比性 ad
比美系 nah
与坚持梦想者同行 nah
井盖 nah
儿童锁 nah
关上门 nah
转向过度 nah
养护费用 nah
商务休闲 nah
简单易懂 ad
叶子板 nah
终极驾驶 nah
口哨声 nah
魔卡 nah
高一级别 nah
一开门 nah
照明模式 nah
木质饰板 nah
木质饰条 nah
特征明显 nah
动力衔接 nah
架马车 nah
牵引力控制 nah
收紧功能 nah
中途提速 nah
软肋 nah
宝马金融 nah
有待考察 v
防止刮 nah
背景灯 nah
跑山区 nah
一闯 ad
宝马全世界 nah
外部反应 nah
北京四环 nah
空间大自然 nah
就是音像 nah
同步键 nah
发动机运转 nah
完败 ad
指南者 nah
准备起飞 nah
同比A6L nah
轮胎规格 nah
矿白 nah
永恒经典 ad
淡定 ad
乌鲁木齐 ns
抛弃A6 nah
现在回想 nah
扫一下 nah
名气够 nah
互联网驾驶 nah
储存空间 nah
割肉 nah
一万一 m
额外费用 nah
完美主义 an
分区空调 nah
一应俱全 nah
无法察觉 ad
指点一下 nah
白瞎 a
颗粒感 nah
偏航 nah
中大车型 nah
宝马 nah
放蝶 nah
翘楚 a
倍增 ad
发动机声响 nah
变数箱 nah
感知路面 nah
商务兼备 nah
购入宝马 nah
音频线 nah
路面振动 nah
棱线 nah
掉链子 ad
有点土气 ad
发动机螺栓 nah
刮痕 nah
轮胎气压 nah
胡桃木 nah
偶尔放肆 ad
纹路比较 nah
中程提速 nah
有点废油 a
动力绵绵不绝 nah
没有挡泥板 nah
没有氙气灯 nah
空调管路 nah
有点累人 a
侧向支撑 nah
开眼灯 nah
行车记录仪 nah
用料考究 nah
引以为傲 a
引以为荣 a
引以为豪 a
自动升起 nah
宝景 nah
微弱一点 ad
反光镜 nah
声音低沉 an
标致性 nah
后排影音 nah
腰脱 nah
好 a
味道大 nah
蓝天白云 n