奥巴马	n_new	180.38	774
央视	n_new	122.12	236
滨海新区	n_new	111.42	231
自主招生	n_new	110.16	219
阿娇	n_new	104.74	169
农夫山泉	n_new	87.65	280
二手房	n_new	87.25	166
流动人口	n_new	85.99	147
气候变化	n_new	83.52	254
国资委	n_new	83.47	124
疑似	n_new	74.12	85
北京奥运会	n_new	73.56	117
东方网	n_new	71.28	1157
轨道交通	n_new	70.59	119
豪宅	n_new	69.97	90
谢霆锋	n_new	67.68	109
动漫	n_new	67.37	89
阿Sa	n_new	64.12	91
满文军	n_new	59.82	98
估值	n_new	58.97	66
房贷	n_new	57.42	84
海口市工商局	n_new	56.70	166
大型游乐设施	n_new	54.49	89
爆料	n_new	52.69	94
复检	n_new	51.73	142
经纪公司	n_new	51.63	58
成品油价格	n_new	49.38	112
实体经济	n_new	48.49	58
薪酬	n_new	48.16	75
微软	n_new	47.24	60
种子队	n_new	47.15	68
收储	n_new	44.61	59
垃圾焚烧	n_new	44.22	166
经济适用房	n_new	43.86	52
中级人民法院	n_new	43.47	74
彰显	n_new	43.39	40
砒霜门	n_new	43.33	60
一汽丰田	n_new	43.29	45
家电下乡	n_new	41.63	63
掌控	n_new	41.41	40
汉方药	n_new	41.17	45
淘宝	n_new	40.95	84
皇马	n_new	40.87	40
黑社会性质组织	n_new	40.53	65
海口工商局	n_new	39.92	47
颁奖典礼	n_new	39.91	43
垃圾焚烧发电厂	n_new	39.64	56
科学发展观	n_new	39.32	115
操控	n_new	38.47	37
国际足联	n_new	36.87	46
尼康	n_new	36.65	60
国家统计局	n_new	36.65	73
温总理	n_new	36.08	50
疾控中心	n_new	36.05	39
贺岁档	n_new	35.99	44
金马奖	n_new	35.97	40
燃油附加费	n_new	35.84	37
醉酒驾车	n_new	35.82	30
职工福利费	n_new	35.82	159
热议	n_new	35.63	68
篮网	n_new	35.57	36
游名胜	n_new	34.84	39
食醋	n_new	34.47	40
扫赌	n_new	33.28	76
动车组	n_new	33.28	38
诉求	n_new	32.72	53
遇难者	n_new	32.52	51
公允价值	n_new	32.42	92
捂盘	n_new	32.37	42
唐僧	n_new	32.15	35
司司长	n_new	32.14	23
链接	n_new	31.52	61
广电总局	n_new	31.42	54
同济大学	n_new	31.37	39
麦兜	n_new	31.37	36
战略轰炸机	n_new	31.31	42
枪击案	n_new	31.29	27
飞镖	n_new	31.28	30
护肤	n_new	31.22	45
知情人士	n_new	31.11	87
人民路隧道	n_new	31.05	37
海平面上升	n_new	30.78	27
电动三轮车	n_new	30.73	24
门户网站	n_new	30.71	27
人民代表大会制度	n_new	30.56	60
搜救	n_new	30.53	36
芙蓉姐姐	n_new	30.42	24
解酒药	n_new	30.22	19
可燃冰	n_new	29.91	31
暂住人口	n_new	29.57	29
提振	n_new	29.55	27
征求意见稿	n_new	29.50	27
小户型	n_new	29.35	24
复旦大学	n_new	29.31	37
大地宝贝	n_new	29.31	27
轨交	n_new	28.33	37
房管局	n_new	28.21	35
预约挂号	n_new	28.18	27
坠楼	n_new	27.90	30
哈珀	n_new	27.79	51
学术不端行为	n_new	27.43	41
损益	n_new	27.32	90
胡公子	n_new	27.31	22
温室气体排放	n_new	27.16	29
刚性需求	n_new	26.90	21
豪华衙门	n_new	26.89	26
宜居	n_new	26.80	36
产能过剩	n_new	26.78	30
光伏	n_new	26.77	58
快乐女声	n_new	26.75	30
倒计时	n_new	26.73	26
检验检疫	n_new	25.88	96
所有者权益	n_new	25.86	58
身陷	n_new	25.75	16
悲情	n_new	25.71	18
中国网通	n_new	25.66	18
布鞋妹妹	n_new	25.49	14
空置率	n_new	25.44	22
筛查	n_new	25.36	18
加息	n_new	25.35	39
盗窃自行车	n_new	25.27	84
九江大桥	n_new	25.25	22
魔兽	n_new	25.00	47
国际米兰	n_new	24.66	29
信息阵地	n_new	24.65	18
扫赌风暴	n_new	24.56	38
房奴	n_new	24.50	19
外来务工人员	n_new	24.37	16
殡葬服务	n_new	24.20	27
压轴	n_new	24.18	19
中原地产	n_new	24.17	27
凤凰卫视	n_new	24.16	18
盾构	n_new	24.01	25
恒大女排	n_new	23.93	24
世界末日	n_new	23.88	21
廖先生	n_new	23.87	18
纵贯线	n_new	23.75	10
供述	n_new	23.73	32
面膜	n_new	23.60	25
华人参政	n_new	23.55	20
浙商	n_new	23.47	28
账面价值	n_new	23.43	65
争霸赛	n_new	23.19	29
中国社科院	n_new	23.08	30
下水西村	n_new	22.89	24
容积率	n_new	22.81	16
妈咪	n_new	22.81	13
抵扣券	n_new	22.80	19
精子标本	n_new	22.77	43
波音公司	n_new	22.71	22
上海男篮	n_new	22.70	15
校外青少年	n_new	22.67	18
按揭贷款	n_new	22.65	23
弱势群体	n_new	22.60	37
高压氧舱	n_new	22.58	17
私募	n_new	22.56	17
螺蛳湾	n_new	22.52	21
神龙公司	n_new	22.52	17
东亚运动会	n_new	22.29	26
索尼爱立信	n_new	21.91	41
王朔	n_new	21.88	11
汪东城	n_new	21.66	15
询价	n_new	21.61	24
天津西站	n_new	21.51	22
毛镝	n_new	21.44	18
阿里软件	n_new	21.43	13
贺老师	n_new	21.29	19
混合型基金	n_new	21.25	17
杨德昌	n_new	21.24	13
广州亚运会	n_new	21.23	18
顺溜	n_new	21.23	20
台州中院	n_new	21.20	16
观摩舰	n_new	21.16	24
高危人群	n_new	21.15	17
祥仔	n_new	21.09	14
北部湾经济区	n_new	20.89	28
巡回演唱会	n_new	20.88	20
黑砖窑	n_new	20.81	24
刑拘	n_new	20.75	50
国家广电总局	n_new	20.70	22
歼敌者	n_new	20.70	23
金算盘	n_new	20.25	13
就近安置	n_new	20.24	16
租金回报率	n_new	20.19	21
中国气象局	n_new	20.18	28
哈佛大学	n_new	20.14	14
邹阿姨	n_new	20.12	12
寇先生	n_new	20.00	11
校园集体舞	n_new	19.92	18
检查评比	n_new	19.92	15
宫心计	n_new	19.91	17
独居老人	n_new	19.90	12
凉拌菜	n_new	19.87	13
开放式基金	n_new	19.85	11
中国工程院	n_new	19.85	27
金龙鱼	n_new	19.82	32
专场招聘会	n_new	19.80	15
海利丰	n_new	19.75	22
星级酒店	n_new	19.56	35
特约记者	n_new	19.50	23
谢阿婆	n_new	19.50	18
民办高中	n_new	19.40	15
直荐	n_new	19.36	20
钢材期货	n_new	19.29	28
珠三角	n_new	19.21	20
隧桥	n_new	19.05	30
甲型H1N1流感	n_new	19.04	212
崩盘	n_new	18.87	9
暗箱操作	n_new	18.83	11
特种设备	n_new	18.75	23
亚运城	n_new	18.73	16
七夕	n_new	18.63	14
欢唱公司	n_new	18.61	14
学风建设	n_new	18.57	14
戴天涯	n_new	18.56	26
樊先生	n_new	18.47	9
诚意金	n_new	18.46	22
防抖	n_new	18.45	17
桃源乡	n_new	18.41	13
中央情报局	n_new	18.37	14
账龄	n_new	18.35	23
天然气水合物	n_new	18.33	13
希望小镇	n_new	18.32	15
甜品店	n_new	18.30	14
中彩中心	n_new	18.29	11
生命体征	n_new	18.23	12
充值	n_new	18.19	16
青藏铁路	n_new	18.02	17
打击盗窃自行车	n_new	17.74	46
接受检阅	n_new	17.71	65
发光树	n_new	17.51	8
北海舰队	n_new	17.45	14
一揽子计划	n_new	17.43	16
闹洞房	n_new	17.41	8
农家乐	n_new	17.38	12
刘顺平	n_new	17.31	11
渎职侵权	n_new	17.28	29
施鹏鹏	n_new	17.26	11
圣诞大餐	n_new	17.23	9
圆山饭店	n_new	17.19	10
医科大学	n_new	17.19	10
首都文明办	n_new	17.15	11
不规则战争	n_new	17.13	10
粤海铁路	n_new	17.09	9
乘用车	n_new	17.04	15
抗氧化	n_new	17.03	13
东风本田	n_new	17.03	10
彻查	n_new	17.01	9
星爷	n_new	16.99	8
延安路高架	n_new	16.96	10
华山医院	n_new	16.94	11
颅脑损伤	n_new	16.94	11
邱先生	n_new	16.86	15
国际奥委会	n_new	16.85	12
有偿家教	n_new	16.83	16
视频播放	n_new	16.82	145
拖尾巴	n_new	16.78	8
惜售	n_new	16.76	21
水兵方队	n_new	16.75	17
土地信用社	n_new	16.74	10
黄河三角洲	n_new	16.65	18
福临门	n_new	16.64	12
早报记者	n_new	16.62	26
热带风暴	n_new	16.56	18
杨柳青	n_new	16.37	19
会计准则	n_new	16.36	43
王学兵	n_new	16.08	14
大坪中学	n_new	15.99	19
劳力士	n_new	15.98	6
蚁族	n_new	15.96	12
同伴教育	n_new	15.88	11
南拳妈妈	n_new	15.87	7
棕榈岛	n_new	15.86	7
集散中心	n_new	15.84	14
委员会主任委员	n_new	15.81	9
拐卖儿童	n_new	15.81	14
劈腿	n_new	15.80	7
东方明珠	n_new	15.79	12
护卫队	n_new	15.77	15
驴友	n_new	15.76	7
人事任免	n_new	15.76	17
蜘蛛侠	n_new	15.75	6
免费师范生	n_new	15.66	12
登高观光	n_new	15.66	9
锂电池	n_new	15.60	10
导弹快艇	n_new	15.52	9
乖孙	n_new	15.48	8
队负于	n_new	15.47	7
汉文帝	n_new	15.47	7
联邦调查局	n_new	15.45	9
受到惊吓	n_new	15.45	9
垃圾转运站	n_new	15.45	9
奥克斯曼	n_new	15.44	15
上海音乐厅	n_new	15.38	10
廉洁从业	n_new	15.38	12
辽足	n_new	15.37	8
中资银行	n_new	15.37	8
东风日产	n_new	15.37	8
挡风玻璃	n_new	15.37	8
东风雪铁龙	n_new	15.34	14
大中华区	n_new	15.33	9
徒步方队	n_new	15.33	12
二氧化碳排放	n_new	15.32	13
两头乌	n_new	15.26	9
吴淞	n_new	15.24	15
盗卖精子	n_new	15.20	25
地沟油	n_new	15.17	19
散装棕榈油	n_new	15.13	12
故意伤害罪	n_new	15.12	40
弃婴舱	n_new	15.09	8
进出口商会	n_new	15.08	34
经合组织	n_new	15.07	26
调和油	n_new	15.06	17
法医鉴定	n_new	15.05	12
色诱	n_new	15.00	7
王老汉	n_new	14.97	19
阅兵舰	n_new	14.78	10
回迁房	n_new	14.70	12
原装进口	n_new	14.67	8
变形金刚	n_new	14.53	23
建华学校	n_new	14.41	8
瑞金医院	n_new	14.37	7
炒股上瘾	n_new	14.34	6
黑眼圈	n_new	14.34	10
安全气囊	n_new	14.32	12
大学生村官	n_new	14.25	9
跨年度行情	n_new	14.24	5
高等法院	n_new	14.23	10
陈集镇	n_new	14.23	10
划界案	n_new	14.23	10
摇滚乐队	n_new	14.18	7
杏花楼	n_new	14.18	6
附属医院	n_new	14.17	26
中影集团	n_new	14.15	13
莘庄	n_new	14.13	7
恒生指数	n_new	14.13	9
减法生活	n_new	14.13	6
预选赛	n_new	14.13	11
郝先生	n_new	14.11	10
星云大师	n_new	14.10	10
儿科医生	n_new	14.09	12
收银员	n_new	14.07	10
汽车产销	n_new	14.06	9
油井管	n_new	14.05	15
蓝军旅	n_new	14.04	11
多元文化	n_new	14.03	7
盛装出席	n_new	14.03	7
暨南大学	n_new	14.03	7
空壳博客	n_new	13.99	6
对冲基金	n_new	13.99	8
特快列车	n_new	13.98	6
无性婚姻	n_new	13.98	6
镇财政所	n_new	13.90	6
少将升任	n_new	13.90	6
空军雷达兵	n_new	13.90	6
雷豹子	n_new	13.90	6
抢劫杀人案	n_new	13.90	7
鉴定估价	n_new	13.89	8
国信证券	n_new	13.89	8
回过神	n_new	13.89	8
白沙瓦	n_new	13.89	8
长假综合症	n_new	13.87	7
英伦组合	n_new	13.84	8
对外依存度	n_new	13.84	10
世博园区	n_new	13.81	9
霸王条款	n_new	13.81	7
网网友	n_new	13.80	7
社会民主联盟	n_new	13.80	10
父辈作家	n_new	13.79	7
疲累	n_new	13.79	7
志愿军空军	n_new	13.79	7
柜员机	n_new	13.79	7
陆上自卫队	n_new	13.79	14
智障	n_new	13.76	9
食物恐惧症	n_new	13.76	9
回笼资金	n_new	13.76	8
武鸣县公安局	n_new	13.75	16
细分市场	n_new	13.74	13
黄建始	n_new	13.74	11
长效机制	n_new	13.71	17
肉毒素	n_new	13.69	9
地坛医院	n_new	13.68	8
斗牛士	n_new	13.68	8
检验检疫局	n_new	13.63	39
金融危机	n_new	13.60	515
反腐倡廉建设	n_new	13.55	12
跨越式发展	n_new	13.54	12
残奥	n_new	13.53	75
打砸抢烧	n_new	13.48	18
混同论	n_new	13.46	5
附带民事	n_new	13.42	19
海富通	n_new	13.42	31
成都市金牛区	n_new	13.35	21
光伏电站	n_new	13.32	12
故意杀人罪	n_new	13.31	35
马来文	n_new	13.15	15
抢救无效	n_new	13.15	55
社会科学院	n_new	13.13	32
引起轩然大波	n_new	13.11	13
规划纲要	n_new	13.09	12
售罄	n_new	13.09	16
砷含量	n_new	13.03	55
飞轮海	n_new	13.02	6
赋权	n_new	12.97	4
空巢	n_new	12.96	26
王金平	n_new	12.95	10
申赎	n_new	12.87	10
同班同学	n_new	12.84	7
政法大学	n_new	12.80	29
加急费	n_new	12.79	3
惠民工程	n_new	12.79	7
爱情长跑	n_new	12.75	9
扁平化	n_new	12.70	5
海峡西岸	n_new	12.70	12
吸食毒品	n_new	12.68	11
氨酸	n_new	12.68	9
军事分析家	n_new	12.65	5
选美比赛	n_new	12.61	9
烟火师	n_new	12.59	7
公交专用道	n_new	12.59	7
重症监护	n_new	12.56	25
动真格	n_new	12.56	4
淮海中路	n_new	12.56	8
腿铐	n_new	12.56	4
代金券	n_new	12.56	4
导弹巡洋舰	n_new	12.52	9
劲歌王	n_new	12.51	5
计生院	n_new	12.51	21
奥体中心	n_new	12.51	7
桌面游戏	n_new	12.50	6
西城法院	n_new	12.49	9
诉诸法律	n_new	12.48	8
二分校	n_new	12.46	7
奥运空姐	n_new	12.45	8
暂时性差异	n_new	12.44	13
重建特困户	n_new	12.42	6
日伪时期	n_new	12.42	6
南水北调工程	n_new	12.42	6
乞讨者	n_new	12.42	6
擂鼓镇	n_new	12.42	6
廊桥	n_new	12.42	6
上海精锐	n_new	12.42	6
幕后黑手	n_new	12.42	6
外国语学院	n_new	12.42	6
剑桥大学	n_new	12.42	6
藏羚羊	n_new	12.42	9
安泽豪	n_new	12.42	9
韩真真	n_new	12.40	6
历史新高	n_new	12.40	32
惠农政策	n_new	12.36	7
亲历者	n_new	12.36	7
税收监督权	n_new	12.35	13
药业股份有限公司	n_new	12.35	8
救赎	n_new	12.35	8
红丝带	n_new	12.34	26
现金等价物	n_new	12.33	14
普及性音乐会	n_new	12.32	5
百分百	n_new	12.31	9
婴幼儿奶粉	n_new	12.31	9
协和医院	n_new	12.28	12
担责	n_new	12.28	13
掘金	n_new	12.27	8
海门中学	n_new	12.27	8
相控阵雷达	n_new	12.27	8
华龙网	n_new	12.27	7
垂钓园	n_new	12.26	5
婆媳关系	n_new	12.26	5
科考队员	n_new	12.26	5
载人航天	n_new	12.26	5
联合军乐团	n_new	12.26	5
汉唐证券	n_new	12.26	5
后腿肉	n_new	12.26	5
天窗版	n_new	12.26	5
油性肌肤	n_new	12.26	5
特勤	n_new	12.21	29
阜新市公安局	n_new	12.19	9
压迫感	n_new	12.19	8
专业组群	n_new	12.19	8
楼板价	n_new	12.19	8
蜂巢板	n_new	12.19	6
呼吸道感染	n_new	12.19	35
放高利贷	n_new	12.17	12
动漫名家	n_new	12.15	6
乐园旧址	n_new	12.15	6
斯柯达	n_new	12.15	6
异域风情	n_new	12.15	6
地方选举权	n_new	12.15	6
北京机务段	n_new	12.15	6
防暴警察	n_new	12.15	6
医院住院部	n_new	12.15	6
考驾照	n_new	12.14	8
严正声明	n_new	12.12	6
航空煤油	n_new	12.12	12
厦门市政府	n_new	12.12	7
验尸报告	n_new	12.12	7
红色粉末	n_new	12.12	7
过激行为	n_new	12.12	10
自动变速箱	n_new	12.07	10
短程导弹	n_new	12.07	10
古玩市场	n_new	12.05	17
适度宽松	n_new	12.05	35
手术并发症	n_new	12.04	14
外出就餐	n_new	12.03	7
行李手推车	n_new	12.03	7
丽江花园	n_new	12.03	7
阳江地区	n_new	12.01	9
承销商	n_new	12.01	12
致歉信	n_new	11.99	8
绿领巾	n_new	11.99	4
出厂价格	n_new	11.96	30
燃油经济性	n_new	11.94	7
快慢班	n_new	11.93	5
阳江市中级人民法院	n_new	11.93	5
电磁环境	n_new	11.91	11
坏账准备	n_new	11.89	14
四川省宜宾	n_new	11.79	9
中心气象台	n_new	11.71	29
公安机关	n_new	11.69	251
惩罚性关税	n_new	11.65	18
成人礼	n_new	11.59	22
京华时报	n_new	11.57	16
胶济	n_new	11.55	29
滨海新区行政区划	n_new	11.55	7
果蔬	n_new	11.43	32
不明飞行物	n_new	11.40	7
诉至法院	n_new	11.35	14
成交套数	n_new	11.35	10
集邮节	n_new	11.30	6
房交会	n_new	11.30	6
回收拆解	n_new	11.29	21
乙肝病毒	n_new	11.21	28
抢救无效死亡	n_new	11.20	37
文明生态村	n_new	11.16	20
小时工作制	n_new	11.13	6
呼吸内科	n_new	11.12	5
家庭积怨	n_new	11.11	6
发生性关系	n_new	11.01	12
中国太保	n_new	10.99	8
陆战队员	n_new	10.98	8
横穿马路	n_new	10.98	8
单项金额	n_new	10.98	11
四川盆地	n_new	10.98	25
性阴道炎	n_new	10.96	12
新华视点	n_new	10.95	9
中国腹地	n_new	10.95	6
值得商榷	n_new	10.95	6
赵丹阳	n_new	10.94	4
进行纠偏	n_new	10.94	4
上海书城	n_new	10.94	4
苏宁房产	n_new	10.94	4
支教团	n_new	10.92	7
海尔曼	n_new	10.87	7
国际商贸城	n_new	10.87	9
市政园林局	n_new	10.86	9
院士增选	n_new	10.85	9
加沙地带	n_new	10.84	6
油烟管道	n_new	10.84	6
巨富大厦	n_new	10.84	6
州立大学	n_new	10.84	6
海鑫集团	n_new	10.84	6
空港物流	n_new	10.84	6
私房菜	n_new	10.83	6
陀螺山	n_new	10.83	6
黑瞎子岛	n_new	10.83	7
环球网	n_new	10.79	8
鸦片贸易	n_new	10.78	5
杨贵妃	n_new	10.78	6
猷龙	n_new	10.78	5
静音潜艇	n_new	10.78	5
家庭住址	n_new	10.78	7
徐大宝	n_new	10.77	5
飞机机翼	n_new	10.74	8
窨井	n_new	10.74	8
军舰互访	n_new	10.73	5
党员服务队	n_new	10.73	5
采矿权	n_new	10.73	5
刨挖	n_new	10.73	5
环游世界	n_new	10.73	5
北疆	n_new	10.73	10
空闲时间	n_new	10.73	5
无业人员	n_new	10.73	5
落槌	n_new	10.73	5
李侗	n_new	10.73	5
腮红	n_new	10.73	5
中国神华	n_new	10.73	5
郴州市公安局	n_new	10.73	5
强暴戏	n_new	10.73	5
秉持	n_new	10.73	5
螺纹钢	n_new	10.73	5
太仓港	n_new	10.73	5
子午线轮胎	n_new	10.73	5
王颀	n_new	10.73	5
装装样子	n_new	10.72	3
中国纺织品	n_new	10.71	10
古井集团	n_new	10.68	7
毒品海洛因	n_new	10.67	9
压倒性	n_new	10.67	6
聚敛	n_new	10.67	6
筹办工作	n_new	10.66	8
脱硫	n_new	10.66	8
海通证券	n_new	10.64	6
捕食者	n_new	10.63	4
王根杰	n_new	10.60	6
香港湾仔	n_new	10.59	7
五人制足球	n_new	10.59	14
禁区弧	n_new	10.59	7
中央综治委	n_new	10.59	9
自给率	n_new	10.56	6
社会栋梁	n_new	10.56	6
海上分列式	n_new	10.56	6
出入境检验检疫	n_new	10.55	36
爱情催眠	n_new	10.55	7
教育界人士	n_new	10.53	4
玉山江	n_new	10.53	12
师范类	n_new	10.53	8
安徽阜阳	n_new	10.53	4
国民收入分配	n_new	10.53	4
派员前往	n_new	10.53	4
消费者物价指数	n_new	10.53	4
纵身跳	n_new	10.53	4
脚蹬	n_new	10.53	4
公交站牌	n_new	10.53	4
任课教师	n_new	10.53	4
食品类价格	n_new	10.53	4
医院骨科	n_new	10.53	4
空对空导弹	n_new	10.53	4
除尘系统	n_new	10.53	4
倒苦水	n_new	10.53	4
单亲家庭	n_new	10.53	4
脚踹	n_new	10.53	4
决胜行动	n_new	10.53	2
阿坝州	n_new	10.53	4
金沙洲	n_new	10.53	4
金元宝	n_new	10.53	4
受热捧	n_new	10.53	4
右舷	n_new	10.53	4
武疯子	n_new	10.53	4
蕉农	n_new	10.53	4
吉林省梅河口	n_new	10.53	4
沙坪坝	n_new	10.53	4
收赃	n_new	10.53	4
活塞队	n_new	10.53	4
野营装备	n_new	10.53	4
分洪区	n_new	10.53	4
电离辐射	n_new	10.53	4
窝藏罪	n_new	10.53	4
陈小工	n_new	10.53	4
中程弹道导弹	n_new	10.53	4
喷气式战斗机	n_new	10.53	4
港台主持人	n_new	10.53	4
浅水湾	n_new	10.53	4
迪拜酋长国	n_new	10.53	4
北翟	n_new	10.52	14
南浦大桥	n_new	10.50	7
群体性	n_new	10.50	8
文明热心人	n_new	10.49	3
欧洲合众国	n_new	10.49	3
大学法学院	n_new	10.49	9
非典型性	n_new	10.49	3
群殴	n_new	10.49	3
精干警力	n_new	10.45	8
公路养路费	n_new	10.45	8
治保人员	n_new	10.40	10
学院团委	n_new	10.40	5
长沙仲裁委	n_new	10.40	5
航天数控	n_new	10.40	5
狐疑	n_new	10.40	5
金汤桥	n_new	10.40	5
在业界	n_new	10.40	5
管线工程	n_new	10.39	6
江都市看守所	n_new	10.39	6
致畸因素	n_new	10.37	8
南宁市公安局	n_new	10.36	11
拜神仪式	n_new	10.35	7
万达广场	n_new	10.29	6
好好过日子	n_new	10.29	6
均等化	n_new	10.29	6
城郊派出所	n_new	10.18	6
队徽	n_new	10.18	6
蝙蝠侠	n_new	10.16	9
记者手记	n_new	10.15	8
监控探头	n_new	10.14	9
春江水	n_new	10.12	7
黑社会性质组织罪	n_new	10.03	35
递延	n_new	10.03	22
无序增长	n_new	9.99	11
判处无期徒刑	n_new	9.99	14
公积	n_new	9.97	42
驰创	n_new	9.91	20
套房贷	n_new	9.89	24
注水评价	n_new	9.84	3
平头男	n_new	9.84	3
野鸡大学	n_new	9.84	3
赶场子	n_new	9.84	3
樱桃园	n_new	9.83	11
穿睡衣	n_new	9.81	10
广播电视大学	n_new	9.78	8
渲染中国	n_new	9.70	8
刀锋战士	n_new	9.70	4
作客东方网	n_new	9.70	4
官员诽谤案	n_new	9.70	4
轮机工程	n_new	9.68	10
作者文集	n_new	9.66	23
典藏	n_new	9.63	6
金大班	n_new	9.61	11
夏令热线	n_new	9.58	5
石料堆	n_new	9.55	6
廉租	n_new	9.54	50
军医大学	n_new	9.51	10
边防检查	n_new	9.51	19
北大西洋	n_new	9.47	9
吉尼斯世界	n_new	9.47	16
韩联社	n_new	9.47	11
特邀嘉宾	n_new	9.46	10
总装线	n_new	9.45	10
助学贷款	n_new	9.43	9
边贸市场	n_new	9.39	10
西瓜摊	n_new	9.36	6
配电箱	n_new	9.36	6
唱赞歌	n_new	9.36	6
香港女队	n_new	9.33	4
水上芭蕾	n_new	9.33	4
落魄	n_new	9.33	4
德泰顺	n_new	9.29	7
陈光标	n_new	9.29	7
狂犬病疫苗	n_new	9.29	9
热泵	n_new	9.27	6
战斧	n_new	9.27	5
轻便摩托车	n_new	9.23	17
领导人会晤	n_new	9.21	25
税法规定	n_new	9.20	5
海军总司令	n_new	9.20	5
奶牛存栏	n_new	9.20	5
紧绷	n_new	9.20	5
中医门诊部	n_new	9.20	5
线材期货	n_new	9.20	5
续航时间	n_new	9.20	5
匪化	n_new	9.20	8
节约集约	n_new	9.19	6
北京怀柔	n_new	9.19	6
赛会志愿者	n_new	9.19	6
华光公司	n_new	9.19	6
经济示范区	n_new	9.17	8
新法规定	n_new	9.17	4
作战半径	n_new	9.16	8
留存收益	n_new	9.12	8
拟提名为	n_new	9.11	13
城乡建设部	n_new	9.09	9
改革试验区	n_new	9.09	6
代销机构	n_new	9.09	6
毛笔字	n_new	9.08	3
表达爱意	n_new	9.08	3
新疆喀什地区	n_new	9.08	3
群众艺术馆	n_new	9.07	5
零售专馆	n_new	9.07	5
红蜻蜓	n_new	9.07	5
泰安街	n_new	9.07	5
自行榴弹炮	n_new	9.07	5
吴永发	n_new	9.07	5
训练标兵	n_new	9.01	4
特马纳	n_new	9.01	4
身定做	n_new	9.01	10
申辩权	n_new	9.01	7
妨害公务	n_new	9.00	10
快乐营地	n_new	8.96	3
突出重围	n_new	8.96	3
唐高平	n_new	8.96	3
清瘟	n_new	8.93	10
北京人民大会堂	n_new	8.93	18
蜜桃多	n_new	8.92	23
御寒品	n_new	8.91	6
玻璃幕墙	n_new	8.91	6
廉政勤政	n_new	8.91	4
反垄断法草案	n_new	8.91	4
表达谢意	n_new	8.91	4
工厂化养殖	n_new	8.91	4
大豆加工业	n_new	8.91	4
相声世家	n_new	8.91	4
董事局主席	n_new	8.91	4
机队规模	n_new	8.91	4
温州财团	n_new	8.91	4
淤青	n_new	8.91	4
州委书记	n_new	8.91	4
扬尘污染	n_new	8.91	4
岭南文化	n_new	8.91	4
电子礼金	n_new	8.91	4
严守一	n_new	8.91	4
上海科技馆	n_new	8.91	4
土木工程	n_new	8.91	4
捏造事实	n_new	8.91	4
无谓支出	n_new	8.91	4
宣示主权	n_new	8.91	4
陶氏化学	n_new	8.91	4
金水路	n_new	8.91	4
心脑血管科	n_new	8.91	4
湖南浏阳	n_new	8.91	4
存车场	n_new	8.91	4
发令枪响	n_new	8.91	4
诋毁中国	n_new	8.91	4
自控能力	n_new	8.91	4
文跃然	n_new	8.91	4
火控系统	n_new	8.91	4
体貌特征	n_new	8.91	4
扇子舞	n_new	8.91	4
礼让镇	n_new	8.91	4
收取保护费	n_new	8.91	4
螺旋式	n_new	8.91	4
紧固件	n_new	8.91	4
施工铭牌	n_new	8.91	4
媒体见面会	n_new	8.91	4
请勿转载	n_new	8.91	4
食用冰醋酸	n_new	8.91	4
黑衣男	n_new	8.91	4
鸡胸肉	n_new	8.91	4
闭合性	n_new	8.91	4
自缢身亡	n_new	8.91	4
赵蕊蕊	n_new	8.91	4
红色买办	n_new	8.91	2
汉阴县公安局	n_new	8.91	4
妖魔化	n_new	8.91	2
彭熠	n_new	8.91	4
容城县公安局	n_new	8.91	4
曼联队	n_new	8.91	4
港工业区	n_new	8.91	23
急性呼吸道	n_new	8.90	29
菅青	n_new	8.87	6
北京协和	n_new	8.86	10
骤停	n_new	8.86	5
周口饭店	n_new	8.86	5
布鲁金斯学会	n_new	8.86	5
规划红线	n_new	8.86	5
俞先生	n_new	8.86	5
歼击轰炸机	n_new	8.86	5
嘉丰镇	n_new	8.86	5
组织卖淫	n_new	8.85	10
卫生防病	n_new	8.83	21
通气会上	n_new	8.82	7
陈小春	n_new	8.82	7
中国广播网	n_new	8.81	6
降低药价	n_new	8.79	5
胡星斗	n_new	8.79	5
海水侵蚀	n_new	8.78	14
高职院校	n_new	8.75	8
诫勉谈话	n_new	8.74	5
奥运健儿	n_new	8.74	5
木制家具	n_new	8.74	5
囚徒困境	n_new	8.74	5
贸易禁运	n_new	8.74	5
因果关系	n_new	8.74	5
脑中风	n_new	8.74	5
职业巡回赛	n_new	8.74	5
迷路老人	n_new	8.74	5
殡仪用品	n_new	8.74	5
卫星接收器	n_new	8.74	5
减肥食谱	n_new	8.74	5
建安成本	n_new	8.74	5
服毒自杀	n_new	8.74	5
变法革命	n_new	8.73	3
外地来京	n_new	8.73	9
非公务员	n_new	8.73	3
熊猫大侠	n_new	8.73	16
超临界	n_new	8.73	7
澳门特别行政区基本法	n_new	8.70	6
戴钢盔	n_new	8.70	8
浙江慈溪	n_new	8.68	7
纪实文学	n_new	8.64	3
空军政治委员	n_new	8.64	3
石钟山	n_new	8.64	3
海潮同志	n_new	8.64	3
库区发展	n_new	8.64	3
中国贸促会	n_new	8.64	3
多头管理	n_new	8.64	3
挫败感	n_new	8.64	3
企业拒收	n_new	8.64	3
花季少女	n_new	8.64	3
财政支农	n_new	8.64	3
透视装	n_new	8.64	3
坚持统筹兼顾	n_new	8.64	3
订货量	n_new	8.64	3
社会危害性	n_new	8.64	3
印尼国民军	n_new	8.64	3
在押人员	n_new	8.64	3
拖网船	n_new	8.64	3
回执单	n_new	8.64	3
高度腐烂	n_new	8.64	3
叶立国	n_new	8.64	3
煤焦领域	n_new	8.64	3
遥感卫星	n_new	8.64	3
北大才子	n_new	8.64	3
留情面	n_new	8.64	3
浮游动物	n_new	8.64	3
西昌电力	n_new	8.64	3
行政办校	n_new	8.64	3
处于下风	n_new	8.64	3
成为权贵	n_new	8.64	3
门市部老板	n_new	8.64	3
自由女神像	n_new	8.64	3
丁香小学	n_new	8.64	3
伊文思	n_new	8.64	3
苏支前	n_new	8.64	3
守礁	n_new	8.64	6
出生年月	n_new	8.64	3
人脸识别	n_new	8.64	3
整备质量	n_new	8.64	3
空坝上	n_new	8.64	3
武打明星	n_new	8.64	3
药剂人员	n_new	8.64	3
人伦悲剧	n_new	8.64	3
荧光棒	n_new	8.64	3
推搡	n_new	8.64	3
类胡萝卜素	n_new	8.64	3
国际汽联	n_new	8.64	3
香港报章	n_new	8.64	3
施工图设计	n_new	8.64	3
控制线附近	n_new	8.64	3
军事运筹学	n_new	8.64	3
宣布休庭	n_new	8.64	3
潜回家中	n_new	8.64	3
房价扶摇直上	n_new	8.64	3
重庆开县	n_new	8.64	3
一窥	n_new	8.64	3
北京四中	n_new	8.64	3
尽职调查	n_new	8.64	3
世界台联	n_new	8.64	3
乘的士	n_new	8.64	3
震源深度	n_new	8.64	3
新闻通报会	n_new	8.64	3
江岸分局	n_new	8.64	3
藏青色	n_new	8.64	3
婚育证明	n_new	8.64	3
睡懒觉	n_new	8.64	3
酿制醋	n_new	8.64	3
鸡爪	n_new	8.64	3
北京卫戍区	n_new	8.64	3
出口型战机	n_new	8.64	3
新疆伊宁市	n_new	8.64	3
新开河大队	n_new	8.64	3
孙长波	n_new	8.64	3
叶雨林	n_new	8.64	3
足坛名宿	n_new	8.64	3
甘孜州	n_new	8.64	3
舍饲	n_new	8.64	3
医院急诊室	n_new	8.64	3
劝架村民	n_new	8.64	3
特型演员	n_new	8.64	3
矫情	n_new	8.64	3
黄金猎犬	n_new	8.64	3
朋克	n_new	8.64	3
借读费	n_new	8.64	3
伤愈复出	n_new	8.64	3
东平小区	n_new	8.64	3
刘庄桥	n_new	8.64	3
家庭备用金	n_new	8.64	3
医院急诊科	n_new	8.64	3
上海长风	n_new	8.64	3
琼州海峡	n_new	8.64	3
全身酸痛	n_new	8.64	3
岐山县公安局	n_new	8.64	3
婚姻登记处	n_new	8.64	3
洗漱	n_new	8.64	3
脱光衣服	n_new	8.64	3
门把手	n_new	8.64	3
长丰汽车	n_new	8.64	3
猥琐男	n_new	8.64	3
丰原集团	n_new	8.64	3
戴假发	n_new	8.64	3
隆尧县公安局	n_new	8.64	3
青花椰菜	n_new	8.64	3
磁力吊	n_new	8.64	3
空勤总队	n_new	8.64	3
参茸	n_new	8.64	3
王烁	n_new	8.64	3
参联会	n_new	8.64	3
增城体育馆	n_new	8.64	3
海军通讯卫星	n_new	8.64	3
幕后主使	n_new	8.64	3
侨兴环球	n_new	8.64	3
捶背券	n_new	8.63	5
巢老人	n_new	8.62	24
编者注	n_new	8.58	9
大蒜炒家	n_new	8.57	9
海派清	n_new	8.56	14
橙色预警	n_new	8.54	15
图们江	n_new	8.53	6
敞口	n_new	8.53	6
科技特派员	n_new	8.53	5
天主教仪式	n_new	8.53	5
违禁添加	n_new	8.53	5
中国电影界	n_new	8.53	5
长青树	n_new	8.52	3
临汾街道	n_new	8.52	3
严师母	n_new	8.52	3
政审考核	n_new	8.52	3
退休老干部	n_new	8.50	4
政治评论家	n_new	8.50	4
酸碱	n_new	8.50	4
殖民地时代	n_new	8.50	2
占据上风	n_new	8.50	4
煤炭订货会	n_new	8.50	2
侦查人才库	n_new	8.50	4
教研室主任	n_new	8.50	4
自由游弋	n_new	8.50	4
必须要	n_new	8.50	4
教辅材料	n_new	8.50	4
船舶修造	n_new	8.50	4
幽梦	n_new	8.50	4
人居环境	n_new	8.50	4
职业操守	n_new	8.50	4
长途话务量	n_new	8.50	4
山东省苍山县	n_new	8.50	4
再度聚首	n_new	8.50	4
毋须	n_new	8.50	4
城乡接合部	n_new	8.50	4
限制人身自由	n_new	8.50	4
违法超生	n_new	8.50	4
海河中游	n_new	8.50	4
围产儿	n_new	8.50	4
梅山口	n_new	8.50	4
皮肤黝黑	n_new	8.50	4
光微粒	n_new	8.50	4
谐星	n_new	8.50	2
复读班	n_new	8.50	4
降火气	n_new	8.50	2
小时车程	n_new	8.50	4
包租公	n_new	8.50	2
急性阑尾炎	n_new	8.50	2
霉运	n_new	8.50	2
中和煤矿	n_new	8.50	4
王八蛋	n_new	8.50	2
逯军	n_new	8.50	4
换车潮	n_new	8.50	2
乒超	n_new	8.50	4
双子塔	n_new	8.50	2
撇下老公	n_new	8.50	4
胡长清	n_new	8.50	4
掌掴	n_new	8.50	4
网络红人	n_new	8.50	2
中国分会	n_new	8.45	11
寡头垄断	n_new	8.43	6
追风车	n_new	8.41	3
听到响声	n_new	8.41	5
重庆彭水	n_new	8.41	15
世袭等级	n_new	8.41	5
铂金	n_new	8.38	9
空投物资	n_new	8.34	8
黎激	n_new	8.30	16
联营企业	n_new	8.29	7
构成贪污罪	n_new	8.28	5
肺栓塞	n_new	8.28	5
古物市场	n_new	8.27	17
主管部门	n_new	8.27	124
建路隧道	n_new	8.26	21
四川省涪陵	n_new	8.25	18
保持缄默	n_new	8.25	6
重庆市高级人民法院	n_new	8.25	6
初次分配	n_new	8.23	15
故意毁坏	n_new	8.20	10
恢复性上涨	n_new	8.16	8
答腊	n_new	8.16	19
山西省吕梁市	n_new	8.10	7
华泰联合	n_new	8.08	6
贸易保护主义侵扰	n_new	8.08	3
劳保费	n_new	8.08	3
打赌风暴	n_new	8.08	3
综指	n_new	8.08	15
出入佛学	n_new	8.08	2
奥运集锦	n_new	8.08	2
经委主任	n_new	8.07	10
刀疤	n_new	8.07	6
溴酸	n_new	8.00	11
黑除恶	n_new	7.97	27
碧昂	n_new	7.97	24
非法倒卖	n_new	7.96	9
青县模式	n_new	7.92	4
财务决算	n_new	7.91	7
临高县市政	n_new	7.88	8
环城南	n_new	7.85	7
投资洽谈会	n_new	7.85	20
津冀	n_new	7.85	16
泌尿	n_new	7.84	10
新闻通气	n_new	7.81	7
劳动教养	n_new	7.80	11
绝对唱响	n_new	7.80	6
周报记者	n_new	7.80	17
企业经营者认为	n_new	7.77	5
没什么大不了	n_new	7.72	7
渝经济圈	n_new	7.71	15
网络私房	n_new	7.71	8
红旗南	n_new	7.71	31
陈竺	n_new	7.70	9
副食品批发市场	n_new	7.66	6
宝鸡市人大常委会	n_new	7.66	2
衡水市中级人民法院	n_new	7.66	2
天下无毒	n_new	7.66	2
信息孤岛	n_new	7.66	2
现代修正主义	n_new	7.66	2
职业荣誉感	n_new	7.66	2
海麻雀	n_new	7.66	2
香饽饽	n_new	7.66	4
修鞋匠	n_new	7.66	2
网络纠察	n_new	7.66	2
候诊区	n_new	7.66	2
兽椅	n_new	7.66	2
超级毒蛇	n_new	7.66	2
光棍儿	n_new	7.66	2
专守防卫	n_new	7.66	2
熊猫烧香	n_new	7.66	2
东方航空股份有限公司	n_new	7.66	2
凤城论坛	n_new	7.66	2
双面胶	n_new	7.65	7
病毒性	n_new	7.64	9
东山街道	n_new	7.62	7
砷含量超标	n_new	7.61	35
再生能源	n_new	7.61	21
搁置争议	n_new	7.59	5
网特派记者	n_new	7.57	88
冒犯性	n_new	7.57	5
堰塞	n_new	7.56	13
阅霖	n_new	7.56	10
检查分级	n_new	7.55	4
一落座	n_new	7.55	4
交响演唱会	n_new	7.55	4
干法水泥	n_new	7.55	4
地球磁极	n_new	7.55	4
阳澄	n_new	7.55	8
红十字基金会	n_new	7.53	10
东方睡美人	n_new	7.53	3
滑跃起	n_new	7.50	6
精神抚慰	n_new	7.49	6
农夫果园	n_new	7.46	13
努尔	n_new	7.45	20
闲散人员	n_new	7.44	13
独奏奖	n_new	7.40	4
小康社会	n_new	7.39	16
果菜批发市场	n_new	7.35	4
畲诗	n_new	7.34	19
四中全会精神	n_new	7.34	11
日用品有限公司	n_new	7.33	5
属地管理	n_new	7.33	5
南川区	n_new	7.33	5
医药分家	n_new	7.32	3
接运工	n_new	7.32	3
星连珠	n_new	7.32	3
公众集资	n_new	7.32	16
造型要点	n_new	7.30	8
首航仪式	n_new	7.30	4
抗辩条款	n_new	7.30	4
维珍马	n_new	7.30	4
入库流量	n_new	7.21	6
不难看出	n_new	7.21	6
重刑犯	n_new	7.21	6
舒畅园	n_new	7.21	5
悔意	n_new	7.21	5
局部红肿	n_new	7.21	5
狱友	n_new	7.21	5
式热水袋	n_new	7.21	5
所有者权益变动表	n_new	7.20	5
战略互惠	n_new	7.16	6
哈马斯武装	n_new	7.14	4
夫人蜡像馆	n_new	7.14	4
税收立法权	n_new	7.14	4
目标组别	n_new	7.14	4
专业术语	n_new	7.14	4
野村证券	n_new	7.14	4
中国金币	n_new	7.14	4
制衡中国	n_new	7.14	4
武戏演员	n_new	7.14	8
建构网络	n_new	7.14	4
单位税额	n_new	7.14	4
出境断面	n_new	7.14	4
盛景天下	n_new	7.14	4
花都法院	n_new	7.14	4
石桥铺	n_new	7.14	4
和田亮	n_new	7.14	4
轨道交通线	n_new	7.14	4
死伤人员	n_new	7.14	4
兄弟仨	n_new	7.14	4
哑口	n_new	7.14	4
先生衣冠冢	n_new	7.14	4
消炎药	n_new	7.14	4
季度净利	n_new	7.14	4
海龙湾	n_new	7.14	4
牛弹琴	n_new	7.12	5
有线新闻网	n_new	7.09	14
全景网	n_new	7.07	12
奥帆	n_new	7.06	7
麋鹿园	n_new	7.00	5
石门二	n_new	7.00	5
标志专有权	n_new	7.00	5
核酸检测	n_new	7.00	5
富邦资产	n_new	7.00	5
犯强奸罪	n_new	7.00	5
辅助生殖	n_new	7.00	10
左翼绿色	n_new	6.99	10
最佳器乐	n_new	6.94	6
大栅栏西	n_new	6.94	6
毛绒	n_new	6.93	9
泰柬	n_new	6.88	3
具有普遍性	n_new	6.88	3
集权社会主义	n_new	6.88	3
劣药	n_new	6.88	3
包子铺	n_new	6.88	3
煤炭运销	n_new	6.88	3
舞美制作	n_new	6.88	6
同心锁	n_new	6.88	3
最低月工资	n_new	6.88	3
浪漫主义色彩	n_new	6.88	3
服务性收费	n_new	6.88	3
军事戒备	n_new	6.88	3
测控技术	n_new	6.88	3
邢台警方	n_new	6.88	3
剥掉	n_new	6.88	3
利率下浮	n_new	6.88	3
粮农组织	n_new	6.88	3
预报准确率	n_new	6.88	3
聋儿	n_new	6.88	3
热气肉	n_new	6.88	3
生产型企业	n_new	6.88	3
重要抓手	n_new	6.88	3
嘈杂声	n_new	6.88	3
公私财物	n_new	6.88	3
东港石油	n_new	6.88	3
山东菏泽	n_new	6.88	3
制造事端	n_new	6.88	3
登记在册	n_new	6.88	3
致悼词	n_new	6.88	3
体制性障碍	n_new	6.88	3
西城区检察院	n_new	6.88	3
清理皮层	n_new	6.88	3
和谐共处	n_new	6.88	3
交接班工作	n_new	6.88	3
老年病医院	n_new	6.88	3
上海译文	n_new	6.88	3
水泥熟料	n_new	6.88	3
竹叶山	n_new	6.88	3
江苏天源	n_new	6.88	3
北京始发	n_new	6.88	3
戴防毒面具	n_new	6.88	3
展示展卖	n_new	6.88	3
任选一	n_new	6.88	3
商南县人民法院	n_new	6.88	3
提审室	n_new	6.88	3
国际开发署	n_new	6.88	3
开斋铺	n_new	6.88	3
侵犯隐私权	n_new	6.88	3
讲义气	n_new	6.88	3
结扎手术	n_new	6.88	3
玉兔精	n_new	6.88	3
韩东东	n_new	6.88	3
中国总商会	n_new	6.88	3
缺勤登记	n_new	6.88	3
八角井	n_new	6.88	3
万利达公司	n_new	6.88	3
突然爆裂	n_new	6.88	3
河南建业	n_new	6.88	3
尿失禁	n_new	6.88	3
澎湖	n_new	6.88	3
新密市防疫站	n_new	6.88	3
德克萨斯州	n_new	6.88	3
流鼻涕	n_new	6.88	3
周至县人民法院	n_new	6.88	3
划痕险	n_new	6.88	3
赘肉	n_new	6.88	3
王中军	n_new	6.88	3
母语非	n_new	6.88	3
海况	n_new	6.88	3
长风地块	n_new	6.88	3
蔡家坡派出所	n_new	6.88	3
卯足	n_new	6.88	3
江陵医院	n_new	6.88	3
玲幼儿园	n_new	6.88	3
雅历法	n_new	6.88	3
精工钢	n_new	6.88	3
没有刊号	n_new	6.88	3
买不起房子	n_new	6.88	3
护航舰队	n_new	6.88	3
东方汽轮机	n_new	6.88	3
重庆力帆	n_new	6.88	3
堀北	n_new	6.88	3
北三环主	n_new	6.88	3
马荣成	n_new	6.88	3
中级口译	n_new	6.88	3
文艺汇演	n_new	6.88	2
摄影艺术展	n_new	6.88	2
现场感染力	n_new	6.88	2
不可操之过急	n_new	6.88	4
丈夫戒毒	n_new	6.88	2
经济新纪元	n_new	6.88	2
教师备课	n_new	6.88	4
迪拜偿债	n_new	6.88	2
空联运	n_new	6.88	2
山东聊城	n_new	6.88	2
太空军事化	n_new	6.88	2
前边坐	n_new	6.88	2
辱华	n_new	6.88	4
陈老伯	n_new	6.88	2
偷运垃圾	n_new	6.88	2
王冠旗	n_new	6.88	2
汇源集团	n_new	6.88	2
低龄现象	n_new	6.88	2
蔡得胜	n_new	6.88	2
西祠	n_new	6.88	2
女儿起名	n_new	6.88	2
警备艇	n_new	6.88	2
黑社会头子	n_new	6.88	2
北京科兴	n_new	6.88	2
劲舞派对	n_new	6.88	2
师附小	n_new	6.88	4
反光标识	n_new	6.88	4
食肆	n_new	6.88	2
秒表卡	n_new	6.88	2
腩肉	n_new	6.88	2
施恩奶粉	n_new	6.88	2
存续期	n_new	6.87	5
上吊自杀	n_new	6.87	5
制动措施	n_new	6.83	6
扣缴义务	n_new	6.83	6
抚慰金	n_new	6.83	6
湘菜馆	n_new	6.82	7
报纸摘要	n_new	6.82	21
视觉冲击力	n_new	6.81	7
开放高地	n_new	6.78	6
海洋水族馆	n_new	6.77	3
原生梅	n_new	6.77	3
高级研修班	n_new	6.77	3
矫形器	n_new	6.77	3
公用事业企业	n_new	6.77	7
扬子晚报	n_new	6.75	5
弃置费用	n_new	6.75	5
朱恬	n_new	6.75	5
格栅	n_new	6.75	5
犯罪嫌疑人	n_new	6.73	137
准备金率	n_new	6.72	4
农村沼气	n_new	6.72	4
海关缉私	n_new	6.72	4
沼气建设	n_new	6.72	4
部级官员	n_new	6.72	4
中国民主革命	n_new	6.72	4
长江中游	n_new	6.72	4
搅局	n_new	6.72	4
忙私事	n_new	6.72	4
中欧峰会	n_new	6.72	4
次生事故	n_new	6.72	4
旧物市场	n_new	6.72	4
天空云量	n_new	6.72	4
婚外恋情	n_new	6.72	4
沙尘天气	n_new	6.72	4
新型干法	n_new	6.72	4
指数半日	n_new	6.72	4
误工费	n_new	6.72	4
参加国考	n_new	6.72	4
玻璃顶棚	n_new	6.72	4
气动外形	n_new	6.72	4
官渡镇	n_new	6.72	4
交通线网	n_new	6.72	4
新华网快讯	n_new	6.72	4
议决案	n_new	6.72	4
彭水县委	n_new	6.68	11
言献策	n_new	6.68	9
八一飞行	n_new	6.67	22
中年汉子	n_new	6.67	5
情急之下	n_new	6.67	5
打开降落伞	n_new	6.67	5
软肋	n_new	6.66	6
天竺开发区	n_new	6.65	3
性脊椎炎	n_new	6.60	6
银城东	n_new	6.60	13
以南海域	n_new	6.58	19
天下杂谈	n_new	6.57	13
致病性	n_new	6.57	11
璞园	n_new	6.55	6
拉拉队员	n_new	6.54	5
陈凯歌	n_new	6.54	5
酷睿	n_new	6.50	7
宏观经济	n_new	6.47	106
畜牧业生产	n_new	6.46	2
投资自由化	n_new	6.46	2
化石能源	n_new	6.46	2
非化石	n_new	6.46	2
海外留学人员	n_new	6.46	2
流动摊点	n_new	6.46	2
捐资建设	n_new	6.46	2
一级英模	n_new	6.46	2
张北军	n_new	6.46	2
内河船	n_new	6.46	2
革命洪流	n_new	6.46	2
军政领导人	n_new	6.46	2
永远繁荣昌盛	n_new	6.46	2
台湾宗教界	n_new	6.46	2
中国国画	n_new	6.46	2
民建联	n_new	6.46	2
中国互联网络	n_new	6.46	4
极端民主化	n_new	6.46	2
民革中央	n_new	6.46	2
华为公司	n_new	6.46	2
兔首	n_new	6.46	2
伪劣品	n_new	6.46	2
资深外交家	n_new	6.46	2
建立经济特区	n_new	6.46	2
教派冲突	n_new	6.46	2
指导性意见	n_new	6.46	2
江山大道	n_new	6.46	2
拍卖圆明园	n_new	6.46	2
派出所教导员	n_new	6.46	2
富有张力	n_new	6.46	2
普通磁铁	n_new	6.46	2
民盟中央	n_new	6.46	2
电网输电	n_new	6.46	2
蔬菜丰产	n_new	6.46	2
含碘	n_new	6.46	2
政权更迭	n_new	6.46	2
远远多于	n_new	6.46	2
已经初见成效	n_new	6.46	2
报纸订户	n_new	6.46	2
工作现场会	n_new	6.46	2
六七百	n_new	6.46	2
情节意境	n_new	6.46	2
高教界	n_new	6.46	2
省委机关报	n_new	6.46	2
意义非同寻常	n_new	6.46	2
公检法系统	n_new	6.46	2
换发证	n_new	6.46	2
区科协	n_new	6.46	2
一个划时代	n_new	6.46	2
原稿基本	n_new	6.46	2
陷入绝境	n_new	6.46	2
互相问好	n_new	6.46	2
逐条答复	n_new	6.46	4
纸币市场	n_new	6.46	2
青民盟	n_new	6.46	2
最低保障线	n_new	6.46	2
私有产权	n_new	6.46	2
大国气度	n_new	6.46	2
商业储备库	n_new	6.46	2
事业蒸蒸日上	n_new	6.46	2
暴风雪天气	n_new	6.46	2
易燃易爆物品	n_new	6.46	2
信贷闸门	n_new	6.46	2
科技启明星	n_new	6.46	2
发展核技术	n_new	6.46	2
全国基干民兵	n_new	6.46	4
治安发案率	n_new	6.46	2
文秘知识	n_new	6.46	2
乘客须知	n_new	6.46	2
卷录音带	n_new	6.46	2
人际交流	n_new	6.46	2
众院选举	n_new	6.46	2
河南大区	n_new	6.46	2
大学讲师	n_new	6.46	2
最高领奖台	n_new	6.46	2
贞操观念	n_new	6.46	2
货运站出发	n_new	6.46	2
女子网坛	n_new	6.46	2
感觉愧对	n_new	6.46	2
交互平台	n_new	6.46	2
配乐诗	n_new	6.46	2
恢复原样	n_new	6.46	2
现职人员	n_new	6.46	2
建立发展性	n_new	6.46	2
味道鲜美	n_new	6.46	2
既得利益者	n_new	6.46	2
治疗疟疾	n_new	6.46	2
银行界人士	n_new	6.46	2
战胜死敌	n_new	6.46	2
碱性物质	n_new	6.46	2
民初时期	n_new	6.46	2
联运业务	n_new	6.46	2
政治仇杀	n_new	6.46	2
不断推陈出新	n_new	6.46	2
湖南衡阳	n_new	6.46	2
长江路小学	n_new	6.46	2
计划单列	n_new	6.46	2
院务会议	n_new	6.46	2
享受天伦之乐	n_new	6.46	2
农牧厅	n_new	6.46	2
航天晨光	n_new	6.46	2
京派文化	n_new	6.46	2
国庆纪念邮票	n_new	6.46	2
长江黄金水道	n_new	6.46	2
抽水设备	n_new	6.46	2
投资作价	n_new	6.46	2
越秀苑	n_new	6.46	2
作风蜕化	n_new	6.46	2
中国钢琴家	n_new	6.46	2
仔细掂量	n_new	6.46	2
改道行驶	n_new	6.46	2
焚尸	n_new	6.46	2
材料掺假	n_new	6.46	2
教师工作证	n_new	6.46	2
进入梦乡	n_new	6.46	2
乙类品种	n_new	6.46	2
成为新州	n_new	6.46	2
立国表示	n_new	6.46	2
尽快脱手	n_new	6.46	2
事件真相大白	n_new	6.46	2
贵州信息港	n_new	6.46	2
奉化桥	n_new	6.46	2
落难之际	n_new	6.46	2
老虎玩偶	n_new	6.46	4
春城晚报	n_new	6.46	2
垃圾成堆	n_new	6.46	2
资金活化	n_new	6.46	2
全盛时期	n_new	6.46	2
软硬件设施	n_new	6.46	2
急迫需要	n_new	6.46	2
单体建筑	n_new	6.46	2
贵州茅台	n_new	6.46	2
军事化训练	n_new	6.46	2
机务司令部	n_new	6.46	2
赠与行为	n_new	6.46	4
前来看热闹	n_new	6.46	2
懊悔不已	n_new	6.46	2
内控制度	n_new	6.46	2
只是昙花一现	n_new	6.46	2
外界讥讽	n_new	6.46	2
文秘专业	n_new	6.46	2
体育解说员	n_new	6.46	2
石凳	n_new	6.46	2
有所耳闻	n_new	6.46	2
燕赵晚报	n_new	6.46	2
玻璃屏风	n_new	6.46	2
华电国际	n_new	6.46	4
示范校建设	n_new	6.46	2
显要位置	n_new	6.46	2
冒冷汗	n_new	6.46	2
速成训练	n_new	6.46	2
宣传展板	n_new	6.46	2
敌我识别	n_new	6.46	2
教数理	n_new	6.46	2
雪糕棒	n_new	6.46	2
涉农信息	n_new	6.46	2
国民党一败涂地	n_new	6.46	2
正式定名	n_new	6.46	2
海外行销	n_new	6.46	2
工地泥浆	n_new	6.46	2
远门柱	n_new	6.46	2
至少翻滚	n_new	6.46	2
东西厢房	n_new	6.46	2
中体产业	n_new	6.46	2
收市价	n_new	6.46	2
流行性疾病	n_new	6.46	2
河北省武强县	n_new	6.46	2
在册流动	n_new	6.46	2
节油效果	n_new	6.46	2
程式化	n_new	6.46	2
公判大会	n_new	6.46	2
摁倒	n_new	6.46	2
福州台江	n_new	6.46	2
摁动	n_new	6.46	2
国难财	n_new	6.46	2
女儿发高烧	n_new	6.46	2
拍胸脯	n_new	6.46	2
长途奔袭	n_new	6.46	2
疏堵工程	n_new	6.46	2
影碟生意	n_new	6.46	2
保持神秘感	n_new	6.46	2
养懒汉	n_new	6.46	2
资源禀赋	n_new	6.46	2
东边房产	n_new	6.46	2
拦腰撞	n_new	6.46	2
四川籍工人	n_new	6.46	2
遇到下雨天	n_new	6.46	2
流行性感冒	n_new	6.46	2
邮递服务	n_new	6.46	2
老天爷惩罚	n_new	6.46	2
登记在案	n_new	6.46	2
写下留言	n_new	6.46	2
受难客户	n_new	6.46	2
沧海一	n_new	6.46	2
渗流	n_new	6.46	2
河北蔚县	n_new	6.46	2
终于松口	n_new	6.46	2
巴蜀中学	n_new	6.46	2
罗非鱼养殖	n_new	6.46	2
高温水网	n_new	6.46	2
出险情况	n_new	6.46	2
面对空门	n_new	6.46	2
祸及胎儿	n_new	6.46	2
长江荆江	n_new	6.46	2
天然石灰石	n_new	6.46	2
问题难倒	n_new	6.46	2
结核性	n_new	6.46	2
捡拾垃圾	n_new	6.46	2
汽车修理工	n_new	6.46	2
陕西金叶	n_new	6.46	2
盘龙城	n_new	6.46	2
电影拷贝	n_new	6.46	2
影音系统	n_new	6.46	2
车主名誉权	n_new	6.46	2
北京市密云县	n_new	6.46	2
动产收入	n_new	6.46	2
苏军庞大	n_new	6.46	2
日文版权	n_new	6.46	2
动力总成	n_new	6.46	2
农民工追索	n_new	6.46	2
制宪危机	n_new	6.46	2
红旗河沟	n_new	6.46	2
内勤民警	n_new	6.46	2
现场抽奖	n_new	6.46	2
二级甲等	n_new	6.46	2
全封闭施工	n_new	6.46	2
警用装备	n_new	6.46	2
内蒙古锡林郭勒盟	n_new	6.46	2
通晓羌族	n_new	6.46	2
华神通	n_new	6.46	2
太平洋产险	n_new	6.46	2
败退台湾	n_new	6.46	2
妇婴用品	n_new	6.46	2
首席策略师	n_new	6.46	2
西奈半岛	n_new	6.46	2
改变成见	n_new	6.46	2
感官刺激	n_new	6.46	2
五代机	n_new	6.46	2
编剧发条	n_new	6.46	2
正式开航	n_new	6.46	2
持砖块	n_new	6.46	4
抗议布条	n_new	6.46	2
目录乙类	n_new	6.46	2
鸡毛菜	n_new	6.46	2
黄险峰	n_new	6.46	2
领事馆官员	n_new	6.46	2
极端节食	n_new	6.46	2
划等号	n_new	6.46	2
城关镇	n_new	6.46	2
注意工兵	n_new	6.46	2
早间新闻	n_new	6.46	4
玻璃器皿	n_new	6.46	2
西方爵士乐	n_new	6.46	2
兴奋退潮	n_new	6.46	2
大型水闸	n_new	6.46	2
白象集团	n_new	6.46	2
泉州市工商局	n_new	6.46	2
广州日立	n_new	6.46	2
中间梗塞	n_new	6.46	2
光棍节	n_new	6.46	2
发牢骚骂	n_new	6.46	2
小站镇	n_new	6.46	2
连云港市检察院	n_new	6.46	2
垃圾漂浮物	n_new	6.46	2
高中示范校	n_new	6.46	2
老鹰队	n_new	6.46	2
侨兴通讯	n_new	6.46	2
事情缘起	n_new	6.46	2
突入禁区	n_new	6.46	2
中国篮协	n_new	6.46	2
麻油鸡	n_new	6.46	2
儿子乌江	n_new	6.46	2
魔咒	n_new	6.46	2
政府内定	n_new	6.46	2
吴忠地区	n_new	6.46	2
机动车抢道	n_new	6.46	2
通篇没有	n_new	6.46	2
隆尧县人民法院	n_new	6.46	2
北京市昌平区	n_new	6.46	2
诉求和	n_new	6.46	2
学校教课	n_new	6.46	2
土灶旁	n_new	6.46	2
甘肃甘南	n_new	6.46	2
杭州朝晖	n_new	6.46	2
银行催款	n_new	6.46	2
股正线	n_new	6.46	2
常平镇	n_new	6.46	2
欧嘉华	n_new	6.46	2
炼焦煤	n_new	6.46	2
主桥塔	n_new	6.46	2
担任领航员	n_new	6.46	2
秋燥	n_new	6.46	2
眼镜蛇机动	n_new	6.46	2
反向投资	n_new	6.46	2
夜鹭	n_new	6.46	2
一中校长	n_new	6.46	2
成为众矢之的	n_new	6.46	2
猪腰子	n_new	6.46	2
越狱主谋	n_new	6.46	2
双座布局	n_new	6.46	2
条码识别	n_new	6.46	2
红色绸带	n_new	6.46	2
土地注册处	n_new	6.46	2
感情甚笃	n_new	6.46	2
巴洛克式	n_new	6.46	2
叶檀	n_new	6.46	2
路沿街	n_new	6.46	2
一些蓬松	n_new	6.46	2
牛角包	n_new	6.46	2
平时住校	n_new	6.46	2
罩子慢慢	n_new	6.46	2
上海财大	n_new	6.46	2
汕高速公路	n_new	6.46	2
无碍加油站	n_new	6.46	2
持旗手	n_new	6.46	2
成为娱乐界	n_new	6.46	2
弑亲	n_new	6.46	2
公交候车亭	n_new	6.46	2
宋普选	n_new	6.46	2
租税优惠	n_new	6.46	2
身材高挑	n_new	6.46	2
廓形	n_new	6.46	2
兰西县人民法院	n_new	6.46	2
押运员	n_new	6.46	2
驯养师	n_new	6.46	2
治安警情	n_new	6.46	2
蓄积量	n_new	6.46	2
现货价	n_new	6.46	2
装饰性细节	n_new	6.46	2
文泰和	n_new	6.46	2
防弹轮胎	n_new	6.46	2
白领丽人	n_new	6.46	2
澡堂子	n_new	6.46	2
暗讽	n_new	6.46	2
贲门部位	n_new	6.46	2
傅老师	n_new	6.46	2
广工大	n_new	6.46	2
中国画轴	n_new	6.46	2
尾闾湖	n_new	6.46	2
医院产房	n_new	6.46	2
杀人灭口	n_new	6.46	2
未来海战	n_new	6.46	2
汽车座垫	n_new	6.46	2
食用榴莲果	n_new	6.46	2
没空陪	n_new	6.46	2
白蚕丝	n_new	6.46	2
商住小区	n_new	6.46	2
怀孕疑云	n_new	6.46	2
苏宁电器集团	n_new	6.46	2
市委老干部局	n_new	6.46	2
爬升性能	n_new	6.46	2
广告册子	n_new	6.46	2
国联安	n_new	6.46	2
水母网	n_new	6.46	2
赶到灵山县	n_new	6.46	2
上前劝架	n_new	6.46	2
朱隽	n_new	6.46	2
睡觉打鼾	n_new	6.46	2
津汕	n_new	6.46	2
团伙首犯	n_new	6.46	2
共青城航空	n_new	6.46	2
特许零售店	n_new	6.46	2
宏达股份	n_new	6.46	2
华远地产	n_new	6.46	2
铡刀砍	n_new	6.46	2
发散性	n_new	6.46	2
明星夜游	n_new	6.46	2
陇海线	n_new	6.46	2
板垣	n_new	6.46	2
紫金山庄	n_new	6.46	2
南京浦口区	n_new	6.46	2
金川集团公司	n_new	6.46	2
婚姻触礁	n_new	6.46	2
卖座电影	n_new	6.46	2
空军通信兵	n_new	6.46	2
手机充电器	n_new	6.46	2
耳鼻喉科医生	n_new	6.46	2
嵌入式	n_new	6.46	2
斗篷式	n_new	6.46	2
皮肤科医生	n_new	6.46	2
流行乐	n_new	6.46	2
皇马球	n_new	6.46	2
对光伏	n_new	6.46	2
雷鸟表演队	n_new	6.46	2
陈万顺	n_new	6.46	2
仙居县公安局	n_new	6.46	2
刘恂	n_new	6.46	2
顺德区卫生局	n_new	6.46	2
大世界酒店	n_new	6.46	2
双座型	n_new	6.46	2
奇瑞汽车有限公司	n_new	6.46	2
寻的器	n_new	6.46	2
性洁癖	n_new	6.46	2
荔湾	n_new	6.46	2
巴结领导	n_new	6.45	8
艾力	n_new	6.44	32
常胜将军	n_new	6.44	3
军警人员	n_new	6.44	7
时代周报	n_new	6.43	12
创建无烟	n_new	6.42	5
英国皇室	n_new	6.42	5
刘东阳	n_new	6.40	18
病毒核酸	n_new	6.38	6
人文社会科学	n_new	6.33	3
定居点问题	n_new	6.33	3
节能增效	n_new	6.33	3
匍匐前进	n_new	6.33	3
个人三等功	n_new	6.33	3
传统手工艺品	n_new	6.33	3
保质完成	n_new	6.33	3
禽蛋价格	n_new	6.33	3
批准文号	n_new	6.33	3
个贷业务	n_new	6.33	3
采取明察暗访	n_new	6.33	3
主干街道	n_new	6.33	3
水表厂	n_new	6.33	3
市场自由主义	n_new	6.33	3
航空运输业	n_new	6.33	3
案嫌疑犯	n_new	6.33	3
处于青春期	n_new	6.33	3
运算速度	n_new	6.33	3
无法忘怀	n_new	6.33	3
绝缘工具	n_new	6.33	3
对头飞行	n_new	6.33	3
受托支付	n_new	6.33	3
拱北海关	n_new	6.33	3
抽泣起来	n_new	6.33	3
特聘教授	n_new	6.33	3
类零售额	n_new	6.33	3
率先上手	n_new	6.33	3
女子寄宿	n_new	6.33	3
实弹战术	n_new	6.33	3
山洪爆发	n_new	6.33	3
汤盈盈	n_new	6.33	3
黄浑	n_new	6.33	3
当场毙命	n_new	6.33	3
杨铱	n_new	6.33	3
露水河	n_new	6.33	3
喝喜酒	n_new	6.33	3
坠机事故	n_new	6.33	3
桂江二	n_new	6.33	3
列车调度员	n_new	6.33	3
抿嘴	n_new	6.33	3
换尿布	n_new	6.33	3
囚服	n_new	6.33	3
无线路由器	n_new	6.33	3
巴里坤湖	n_new	6.33	3
曲阳县公安局	n_new	6.33	3
阿拉巴马	n_new	6.33	3
暗疮	n_new	6.33	3
狗吠	n_new	6.33	3
涉嫌诽谤罪	n_new	6.33	3
英德市公安局	n_new	6.33	3
恒产者	n_new	6.33	3
政治经济学专业	n_new	6.31	4
寻找幸存者	n_new	6.31	4
人民币普通股	n_new	6.31	4
首例甲	n_new	6.31	4
内蒙古河套	n_new	6.27	10
专属经济区活动	n_new	6.21	5
团结友爱	n_new	6.15	4
计息单位	n_new	6.15	4
满城尽	n_new	6.15	4
风口地区	n_new	6.15	4
示范性高中	n_new	6.15	4
检查报告单	n_new	6.15	4
摘录如下	n_new	6.15	4
禁烟场所	n_new	6.15	4
自诉案件	n_new	6.15	4
南汇区交通	n_new	6.15	4
产品备份	n_new	6.13	8
受领模拟	n_new	6.12	3
敬请广大	n_new	6.11	7
河南省宝丰县	n_new	6.07	9
象粪	n_new	6.05	2
电子围栏	n_new	6.05	2
心理疾患	n_new	6.05	2
德清县法院	n_new	6.05	2
总后卫生部	n_new	6.01	7
残害群众	n_new	6.00	5
防风措施	n_new	6.00	5
民事调解书	n_new	6.00	5
河套地区	n_new	5.96	10
气候难民	n_new	5.94	7
渐进性	n_new	5.88	6
检察机关	n_new	5.87	100
白瑞雪	n_new	5.69	19
知识产权	n_new	5.69	107
两岸动武	n_new	5.64	9
法新社报道	n_new	5.64	16
轮式自行	n_new	5.64	16
山顶屋	n_new	5.63	2
足柄	n_new	5.63	2
金牌伤风	n_new	5.63	2
野餐岛	n_new	5.63	2
苏打绿	n_new	5.63	2
用人单位	n_new	5.28	76
利安达	n_new	5.22	52
建国大业	n_new	5.16	29
全新改版	n_new	5.02	92
医护人员	n_new	5.00	78
住房公积金	n_new	4.97	99
石榴姐	n_new	4.80	2
桃色门	n_new	4.80	2
戏班主	n_new	4.80	2
人民币升值	n_new	4.75	67
医务人员	n_new	4.64	56
海军陆战队	n_new	4.38	47
卫生行政部门	n_new	4.36	50
新闻发布会	n_new	4.30	154
土地流转	n_new	4.09	42
政协委员	n_new	4.03	65
贯彻落实	n_new	4.02	78
固体废物	n_new	3.83	52
天安门广场	n_new	3.80	64
街道办事处	n_new	3.74	29
从业人员	n_new	3.61	26
土地使用权	n_new	3.56	45
人力资源	n_new	3.44	82
无形资产	n_new	3.43	46
财务报表	n_new	3.31	42
经济衰退	n_new	3.18	38
应急预案	n_new	3.14	47
恰逢	n_new	3.08	31
逛街	n_new	2.99	44
应届毕业生	n_new	2.95	29
募集资金	n_new	2.93	29
公立医院	n_new	2.92	27
海上自卫队	n_new	2.89	38
新华社记者	n_new	2.87	204
环渤海	n_new	2.77	41
告诉记者	n_new	2.73	717
前段时间	n_new	2.72	35
依法治国	n_new	2.70	31
贸易顺差	n_new	2.67	25
贸易摩擦	n_new	2.66	20
企事业单位	n_new	2.55	23
烟花爆竹	n_new	2.54	23
使用寿命	n_new	2.54	27
会展中心	n_new	2.53	23
资产负债表	n_new	2.46	51
省人大常委会	n_new	2.45	38
首席执行官	n_new	2.42	15
会计师事务所	n_new	2.41	79
实施细则	n_new	2.41	32
高新技术产业	n_new	2.40	15
交通枢纽	n_new	2.33	35
闯红灯	n_new	2.30	24
民心工程	n_new	2.29	30
国家元首	n_new	2.27	20
交管部门	n_new	2.26	29
家庭主妇	n_new	2.25	17
支柱产业	n_new	2.23	22
分支机构	n_new	2.23	22
同比增长	n_new	2.21	207
中国威胁论	n_new	2.18	14
华侨华人	n_new	2.14	18
爷爷奶奶	n_new	2.14	22
一睹	n_new	2.13	13
换届选举	n_new	2.13	13
侥幸心理	n_new	2.13	14
矿产资源	n_new	2.12	14
全国政协委员	n_new	2.12	25
报废汽车	n_new	2.12	48
选人用人	n_new	2.10	19
明码标价	n_new	2.04	14
卫冕冠军	n_new	2.01	14
八达岭长城	n_new	2.00	13
野生动物	n_new	1.98	13
中低收入家庭	n_new	1.98	16
滥用职权	n_new	1.97	16
负面影响	n_new	1.97	44
倒数第二	n_new	1.95	15
导弹驱逐舰	n_new	1.95	53
离退休人员	n_new	1.95	28
上年同期	n_new	1.94	40
联欢晚会	n_new	1.88	36
贫富差距	n_new	1.88	12
供求关系	n_new	1.87	17
国内生产总值	n_new	1.86	24
国际空间站	n_new	1.86	9
正在加紧	n_new	1.85	13
应试教育	n_new	1.82	13
飞行表演队	n_new	1.77	30
工业增加值	n_new	1.75	25
居家养老	n_new	1.74	37
淫秽色情	n_new	1.73	34
海水淡化	n_new	1.72	14
中国青年报	n_new	1.72	51
北洋政府	n_new	1.72	9
文职人员	n_new	1.71	24
风景名胜区	n_new	1.70	10
省会城市	n_new	1.70	11
洲际弹道导弹	n_new	1.70	12
挪用公款	n_new	1.69	25
述职报告	n_new	1.68	10
招生简章	n_new	1.67	11
对口支援	n_new	1.66	14
屠杀事件	n_new	1.65	15
党支部书记	n_new	1.64	17
刑事拘留	n_new	1.63	78
非政府组织	n_new	1.61	10
持证上岗	n_new	1.61	9
爱国主义教育	n_new	1.60	11
法律意见书	n_new	1.59	19
随身携带	n_new	1.59	15
生活用水	n_new	1.58	7
省政协主席	n_new	1.57	13
西北地区	n_new	1.57	53
高层次人才	n_new	1.55	9
人民当家作主	n_new	1.55	22
金项链	n_new	1.54	10
不大可能	n_new	1.54	8
台资企业	n_new	1.54	8
一期工程	n_new	1.54	8
中国女足	n_new	1.53	11
立法会议员	n_new	1.52	10
污水处理厂	n_new	1.52	12
天安门城楼	n_new	1.50	11
政法委书记	n_new	1.47	13
妇幼保健	n_new	1.46	26
初级阶段	n_new	1.45	19
贵重物品	n_new	1.45	7
合作备忘录	n_new	1.43	8
吐痰	n_new	1.42	42
截然相反	n_new	1.42	8
部长级会议	n_new	1.42	8
中西医结合	n_new	1.41	7
全资子公司	n_new	1.41	10
机电产品	n_new	1.41	17
封闭式基金	n_new	1.40	7
社会公德	n_new	1.40	8
中小型企业	n_new	1.40	8
资金周转	n_new	1.39	6
县域经济	n_new	1.39	9
行政长官	n_new	1.38	15
操作规程	n_new	1.37	12
一条龙服务	n_new	1.37	13
规范性文件	n_new	1.37	8
中国共产党人	n_new	1.37	10
拉开帷幕	n_new	1.33	19
税收征管	n_new	1.33	11
保驾护航	n_new	1.30	9
蓬勃发展	n_new	1.30	16
赚大钱	n_new	1.28	5
偏北风	n_new	1.27	32
非法拘禁	n_new	1.27	26
土地使用税	n_new	1.27	11
红地毯	n_new	1.26	14
生命垂危	n_new	1.26	12
精神文明建设	n_new	1.26	9
陷入僵局	n_new	1.26	8
辛勤工作	n_new	1.25	7
超额完成	n_new	1.25	7
地缘政治	n_new	1.24	6
外向型经济	n_new	1.24	6
电视转播	n_new	1.24	6
全国劳模	n_new	1.24	8
全副武装	n_new	1.23	8
工业总产值	n_new	1.23	9
科研院所	n_new	1.23	8
工商界人士	n_new	1.23	5
一跃	n_new	1.22	13
中央政治局	n_new	1.22	15
中坚力量	n_new	1.21	6
阴雨天气	n_new	1.21	6
贸易逆差	n_new	1.21	9
政治部主任	n_new	1.21	7
代课教师	n_new	1.20	10
折合人民币	n_new	1.20	14
苏联解体	n_new	1.20	9
年均增长	n_new	1.19	12
会议纪要	n_new	1.19	24
接近尾声	n_new	1.17	15
标准普尔	n_new	1.15	9
纪检监察	n_new	1.13	21
以下简称	n_new	1.13	68
离开人世	n_new	1.12	10
衍生产品	n_new	1.11	50
入主白宫	n_new	1.11	6
电影制片厂	n_new	1.11	10
节约用水	n_new	1.11	7
课业负担	n_new	1.10	14
三好学生	n_new	1.09	4
乡镇卫生院	n_new	1.09	10
轻纺工业	n_new	1.09	7
全然不顾	n_new	1.08	6
忧患意识	n_new	1.08	7
厅级干部	n_new	1.08	5
伤势过重	n_new	1.07	16
港澳同胞	n_new	1.07	5
家乡父老	n_new	1.07	5
馆藏文物	n_new	1.07	5
分析家认为	n_new	1.07	5
现金流量表	n_new	1.07	5
出口退税	n_new	1.07	5
换位思考	n_new	1.07	5
食用植物油	n_new	1.07	5
重要组成部分	n_new	1.07	43
茁壮成长	n_new	1.07	3
利害关系	n_new	1.07	6
发射升空	n_new	1.06	10
停职检查	n_new	1.06	7
党政领导	n_new	1.06	15
记者招待会	n_new	1.06	6
积极稳妥	n_new	1.06	6
政企分开	n_new	1.05	4
育龄妇女	n_new	1.05	4
科级干部	n_new	1.05	4
出口退税率	n_new	1.05	4
汽车尾气	n_new	1.05	4
武器禁运	n_new	1.05	4
实际控制线	n_new	1.05	4
技工学校	n_new	1.05	4
全班同学	n_new	1.05	4
洋务运动	n_new	1.05	3
生活必需品	n_new	1.05	9
轻度污染	n_new	1.05	9
霸主地位	n_new	1.04	8
警民关系	n_new	1.04	5
民族大团结	n_new	1.04	5
厚厚一	n_new	1.03	6
交通肇事罪	n_new	1.03	7
白相间	n_new	1.02	8
金融衍生	n_new	1.02	51
遗留问题	n_new	1.01	12
从重处罚	n_new	1.01	9
