王石	key_ngd
万科	key_ngs
[Huabei Expressway Co] key_ngs
钟南山 key_nr
忧患精神	key
开心	happ
幸福	happ
遗憾	sorr
北京理工大学 nt
长春 nz
奇虎	nt
周鸿祎	nr
万科	nt
谷歌	nt
阿里巴巴	nt
阿里	nt
淘宝	nt
支付宝	nz
微信	nz
Google	nt
Yahoo	nt
亚马逊	nt
赛门提克	nt
安卓	key
大唐	nt
阿尔卡特 nt
三星	nt
苹果公司	nt
爱奇艺	nt
高德	nt
奇艺	nt
百付宝	nz
余额宝	nz
艾瑞	nt
麦肯锡	nt
高盛	nt
科林	nt
戴尔	nt
19楼 gwot
1m1m健康网 gwjk
21cn gwz
21世纪报 gnbj
21世纪环球报道 gnqg
21世纪经济报道 gnqg
21世纪体育报 gnsc
21世纪网 gwcj
365地产家居网 gwjj
37C医学网 gwjk
39健康网 gwjk
51CTO gwit
51健康网 gwjk
51汽车网 gwqc
52硬件网 gwit
55BBS gwz
80后之窗 gwz
Abu_Dhabi nsf
Abuja nsf
Accra nsf
Adamstown nsf
Addis_Ababa nsf
Akmola nsf
Albania nsf
Algeria nsf
Algiers nsf
Amman nsf
Amsterdam nsf
Andorra nsf
Andorra_La_Vella nsf
Angola nsf
Anguilla nsf
Ankara nsf
Antananarivo nsf
Antigua_And_Barbuda nsf
Antigua_and_Barbuda nsf
Apia nsf
Argentina nsf
Armenia nsf
Ashgabat nsf
Asmara nsf
Astana nsf
Asuncion nsf
Athens nsf
Austria nsf
Bagdad nsf
Bahrain nsf
Bamako nsf
Bangui nsf
Banjul nsf
Barbados nsf
Basse-Terre nsf
Basseterre nsf
Beijing nsf
Beirut nsf
Belgium nsf
Belgrade nsf
Belize nsf
Belmopan nsf
Benin nsf
Berlin nsf
Bermuda nsf
Bern nsf
Bissau nsf
Bogota nsf
Bolivia nsf
Botswana nsf
Brasilia nsf
Brazil nsf
Brazzaville nsf
Bridgetown nsf
British_Virgin_Islands nsf
Brussels nsf
Bucharest nsf
Budapest nsf
Buenos_Aires nsf
Bujumbura nsf
Bulgaria nsf
Burma nsf
Burundi nsf
C114 gwot
CBI News
CNET科技资讯网 gwcj
CSDN gwot
Cairo nsf
Cambodia nsf
Cameroon nsf
Canada nsf
Canberra nsf
Cape_Verde nsf
Caracas nsf
Castries nsf
Central_African_Republic nsf
Chad nsf
Charlotte_Amalie nsf
Chile nsf
China nsf
Colombia nsf
Colombo nsf
Comoros nsf
Conakry nsf
Congo_Rep. nsf
Copenhagen nsf
Costa_Rica nsf
Croatia nsf
Cuba nsf
Cyprus nsf
Czech_Republic nsf
Dakar nsf
Damascus nsf
Dar_Es_Salaam nsf
Denmark nsf
Dhaka nsf
Djibouti nsf
Doha nsf
Dominica nsf
Dominican_Republic nsf
Donews gwit
Dublin nsf
Dushanbe nsf
ELLE中国网 gwss
Ecuador nsf
Egypt nsf
El_Salvador nsf
Equatorial_Guinea nsf
Eritrea nsf
Estonia nsf
Ethiopia nsf
FACE妆点网 gwss
Fiji nsf
Finland nsf
Fort-De-France nsf
France nsf
Freetown nsf
French_Polynesia nsf
Gabon nsf
Gaborone nsf
Georgetown nsf
Georgia nsf
Germany nsf
Ghana nsf
Gibraltar nsf
Godthab nsf
Grand_Turk nsf
Greece nsf
Greenland nsf
Grenada nsf
Guadeloupe nsf
Guam nsf
Guatemala nsf
Guiana nsf
Guinea nsf
Guinea-Bissau nsf
Guyana nsf
HEA家电网 gwjd
Hagatna_(Agana) nsf
Haiti nsf
Hamilton nsf
Hanoi nsf
Harare nsf
Havana nsf
Helsinki nsf
Herschina gwss
Honduras nsf
Hroot gwot
Hungary nsf
IQ妈咪网 gwqz
IT世界网 gwit
IT专家网 gwit
Iceland nsf
India nsf
Indonesia nsf
Iran nsf
Iraq nsf
Ireland nsf
Islamabad nsf
Islands nsf
Israel nsf
Italy nsf
Ivory_Coast nsf
I时代报 gnzy
Jakarta nsf
Jamaica nsf
Japan nsf
Jerusalem nsf
Jordan nsf
Kabul nsf
Kampala nsf
Kathmandu nsf
Kazakhstan nsf
Kenya nsf
Khartoum nsf
Kiev nsf
Kigali nsf
Kingston nsf
Kingstown nsf
Kinshasa nsf
Koror nsf
Kowait nsf
Kuala_Lumpur nsf
Kuwait nsf
Kyyiv nsf
La_Paz nsf
Laos nsf
Latvia nsf
Lebanon nsf
Lesotho nsf
Liberia nsf
Libreville nsf
Libya nsf
Liechtenstein nsf
Lilongwe nsf
Lima nsf
Lisbon nsf
Ljubljana nsf
Lome nsf
London nsf
Luanda nsf
Lusaka nsf
Luxembourg nsf
MSN gwz
Macedonia nsf
Madagascar nsf
Madrid nsf
Malabo nsf
Malawi nsf
Malaysia nsf
Maldives nsf
Male_(Maale) nsf
Mali nsf
Malta nsf
Managua nsf
Manama nsf
Manila nsf
Maputo nsf
Martinique nsf
Maseru nsf
Mauritania nsf
Mauritius nsf
Mbabane nsf
Mexico nsf
Micronesia nsf
Mogadishu nsf
Monaco nsf
Monarchy nsf
Mongolia nsf
Monrovia nsf
Montevideo nsf
Montserrat nsf
Morocco nsf
Moroni nsf
Moscow nsf
Mozambique nsf
N'djamena nsf
N._Mariana_Islands nsf
Nairobi nsf
Namibia nsf
Nassau nsf
Nauru nsf
Nepal nsf
Netherlands nsf
New_Caledonia nsf
New_Delhi nsf
New_Zealand nsf
Niamey nsf
Nicaragua nsf
Nicosia nsf
Niger nsf
Nigeria nsf
North_Korea nsf
Norway nsf
Nouakchott nsf
Noumea nsf
Nuku'alofa nsf
Nuuk nsf
Offices_In_Yaren_District nsf
Oman nsf
Oslo nsf
Ottawa nsf
P'yongyang nsf
PChome gwit
Pago_Pago nsf
Pakistan nsf
Palau nsf
Palestine nsf
Palikir nsf
Panama nsf
Papeete nsf
Papua_New_Guinea nsf
Paraguay nsf
Paramaribo nsf
Paris nsf
Pclady gwss
Peru nsf
Philippines nsf
Phnom_Penh nsf
Pitcairn_Island nsf
Plymouth nsf
Poland nsf
Port-Au-Prince nsf
Port-Of-Spain nsf
Port_Louis nsf
Port_Moresby nsf
Porto-Novo nsf
Portugal nsf
Prague nsf
Praia nsf
Puerto_Rico nsf
Qatar nsf
Quito nsf
Rabat nsf
Rangoon nsf
Republic_Of_The_Congo nsf
Republic_of_the_Congo nsf
Reunion nsf
Reykjavik nsf
Riga nsf
Riyadh nsf
Road_Town nsf
Romania nsf
Rome nsf
Roseau nsf
Russia nsf
Rwanda nsf
Saint-Denis nsf
Saint_George's nsf
Saint_John's nsf
Saipan nsf
San_Jose nsf
San_Juan nsf
San_Marino nsf
San_Salvador nsf
Sanaa nsf
Santiago nsf
Santo_Domingo nsf
Sao_Tome nsf
Sao_Tome_And_Principe nsf
Sao_Tome_and_Principe nsf
Saudi_Arabia nsf
Senegal nsf
Seoul nsf
Seychelles nsf
Sierra_Leone nsf
Sikkim nsf
Singapore nsf
Skopje nsf
Slovenia nsf
Sofia nsf
Somalia nsf
South_Africa nsf
South_Korea nsf
Spain nsf
Sri_Lanka nsf
St._Kitts_And_Nevis nsf
St._Lucia nsf
St._Vincent_And_The_Grenadines nsf
St._Vincent_and_the_Grenadines nsf
Stockholm nsf
Strip nsf
Sudan nsf
Suva nsf
Swaziland nsf
Sweden nsf
Switzerland nsf
Syria nsf
T'bilisi nsf
TOM网 gwz
Tajikistan nsf
Tallinn nsf
Tanzania nsf
Tashkent nsf
TechWeb gwit
Tegucigalpa nsf
Teheran nsf
Thailand nsf
The_Bahamas nsf
The_Gambia nsf
Thimphu nsf
Timor nsf
Tirana nsf
Togo nsf
Tokyo nsf
Tonga nsf
Toshkent nsf
Tripoli nsf
Tunis nsf
Tunisia nsf
Turkey nsf
Turkmenistan nsf
Uganda nsf
Ukraine nsf
Ulaanbaatar nsf
United_Arab_Emirates nsf
United_Kingdom nsf
Uzbekistan nsf
V1周报 gnhk
Vaduz nsf
Valletta nsf
Valley nsf
Victoria nsf
Vienna nsf
Vientiane nsf
Vietnam nsf
WE周报 gnhk
Warsaw nsf
Washington,_Dc nsf
Wellington nsf
Western_Sahara nsf
Western_Samoa nsf
Windhoek nsf
YAHOO网 gwss
YOKA时尚网 gwss
Yamoussoukro nsf
Yaounde nsf
Yemen nsf
Yerevan nsf
Yugoslavia nsf
Zagreb nsf
Zambia nsf
Zimbabwe nsf
abu_dhabi nsf
abuja nsf
accra nsf
adamstown nsf
addis_ababa nsf
akmola nsf
algiers nsf
am730 gnhk
amman nsf
amsterdam nsf
andorra_la_vella nsf
ankara nsf
antananarivo nsf
apia nsf
asmara nsf
asuncion nsf
athens nsf
bagdad nsf
bamako nsf
bangui nsf
banjul nsf
basse-terre nsf
basseterre nsf
beirut nsf
belgrade nsf
belmopan nsf
berlin nsf
bern nsf
bissau nsf
bogota nsf
brasilia nsf
brazzaville nsf
bridgetown nsf
brussels nsf
bucharest nsf
budapest nsf
buenos_aires nsf
bujumbura nsf
cairo nsf
canberra nsf
caracas nsf
castries nsf
charlotte_amalie nsf
colombo nsf
conakry nsf
copenhagen nsf
dakar nsf
damascus nsf
dar_es_salaam nsf
dhaka nsf
djibouti nsf
doha nsf
dublin nsf
e-works gwot
e时代周报 gnzj
fort-de-france nsf
freetown nsf
gaborone nsf
georgetown nsf
gibraltar nsf
godthab nsf
grand_turk nsf
guatemala nsf
hamilton nsf
hanoi nsf
harare nsf
havana nsf
helsinki nsf
islamabad nsf
it168 gwit
i时代 gnsh
jakarta nsf
jerusalem nsf
kabul nsf
kampala nsf
kathmandu nsf
khartoum nsf
kigali nsf
kingston nsf
kingstown nsf
kinshasa nsf
kowait nsf
kuala_lumpur nsf
kyyiv nsf
la_paz nsf
libreville nsf
lilongwe nsf
lima nsf
lisbon nsf
lome nsf
london nsf
luanda nsf
lusaka nsf
luxembourg nsf
madrid nsf
malabo nsf
managua nsf
manama nsf
manila nsf
maputo nsf
maseru nsf
mbabane nsf
mexico nsf
mogadishu nsf
monaco nsf
monarchy nsf
monrovia nsf
montevideo nsf
moroni nsf
moscow nsf
n'djamena nsf
nairobi nsf
nassau nsf
new_delhi nsf
niamey nsf
nicosia nsf
nouakchott nsf
noumea nsf
nuku'alofa nsf
offices_in_yaren_district nsf
oslo nsf
ottawa nsf
p'yongyang nsf
pago_pago nsf
panama nsf
papeete nsf
paramaribo nsf
paris nsf
phnom_penh nsf
plymouth nsf
port-au-prince nsf
port-of-spain nsf
port_louis nsf
port_moresby nsf
porto-novo nsf
prague nsf
praia nsf
quito nsf
rabat nsf
rangoon nsf
reykjavik nsf
riyadh nsf
road_town nsf
rome nsf
roseau nsf
saint-denis nsf
saint_george's nsf
saint_john's nsf
saipan nsf
san_jose nsf
san_juan nsf
san_marino nsf
san_salvador nsf
sanaa nsf
santiago nsf
santo_domingo nsf
sao_tome nsf
seoul nsf
singapore nsf
sofia nsf
stockholm nsf
suva nsf
tegucigalpa nsf
teheran nsf
thimphu nsf
tirana nsf
toshkent nsf
tripoli nsf
tunis nsf
ulaanbaatar nsf
vaduz nsf
valletta nsf
valley nsf
victoria nsf
vienna nsf
vientiane nsf
warsaw nsf
washington,_dc nsf
wellington nsf
windhoek nsf
yamoussoukro nsf
yaounde nsf
zagreb nsf
浉河区 ns
瀍河回族区 ns
猇亭区 ns
阿坝日报 gnsc
阿布贾 ns
阿布贾 nsf
阿布扎比 nsf
阿城区 ns
阿加尼亚 ns
阿加尼亚 nsf
阿里宝宝网 gwqz
阿皮亚 nsf
埃菲社 gaes
艾奥瓦 nsf
艾媒网 gwot
艾瑞网 gwot
爱宝宝网 gwqz
爱贝贝网 gwqz
爱达荷 nsf
爱护她母婴网 gwqz
爱卡汽车网 gwqc
爱美网 gwss
爱意汽车网 gwqc
鞍山日报 gnln
安次 ns
安道尔城 ns
安道尔城 nsf
安道尔共和国 ns
安道尔共和国 nsf
安徽电视台 gts
安徽广播电视报 gnan
安徽广播电台 grs
安徽交通报 gnan
安徽经济报 gnan
安徽老年报 gnan
安徽汽车网 gwqc
安徽热线 gwah
安徽日报 gnan
安徽商报 gnan
安徽卫视 gtw
安徽新闻网 gwah
安居客 gwdc
安康家园 gwjk
安莎社 gait
安塔拉 gain
安提瓜岛 ns
安提瓜岛 nsf
昂昂溪 ns
奥古斯塔 nsf
奥杰汽车网 gwqc
奥一网 gwot
澳联社 gaau
八步 ns
八道江 ns
八公山 ns
八桂都市报 gngx
巴巴多斯岛 ns
巴巴多斯岛 nsf
巴南 ns
巴斯特尔 ns
巴斯特尔 nsf
巴吞鲁日 ns
巴音郭楞 ns
巴音郭楞日报 gnxj
巴中日报 gnsc
巴州 ns
白碱滩 ns
白云鄂博矿区 ns
柏乡 ns
百色新闻网 gwgx
百色早报 gngx
半岛晨报 gnln
半岛都市报 gnsd
半岛网 gwsd
蚌埠日报 gnan
蚌埠新闻网 gwah
蚌山 ns
蚌山区 ns
包河 ns
薄荷女人网 gwss
保定在线 gwheb
宝宝客育儿网 gwqz
宝宝妈妈网 gwqz
宝贝岛育儿网 gwqz
宝贝网 gwqz
宝鸡日报 gnsa
宝山 ns
报刊文摘 gnsh
北川 ns
北大商业评论 gwot
北斗手机网 gwit
北方晨报 gnln
北方热线 gwheb
北方时报 gnhl
北方网 gwheb
北方新闻网 gwnm
北关 ns
北国网 gwdb
北海日报 gngx
北湖 ns
北京晨报 gnbj
北京电视台 gts
北京法制报 gnbj
北京广播电台 grs
北京家居网 gwjj
北京科技报 gnbj
北京青年报 gnbj
北京青年周报 gnbj
北京热线 gwbj
北京日报 gnbj
北京少年报 gnbj
北京晚报 gnbj
北京卫视 gtw
北京现代商报 gnbj
北京新娘网 gwbj
北京娱乐信报 gnbj
北京在线 gwbj
北仑 ns
北青网 gwbj
北市 ns
北塔 ns
北塘 ns
北屯镇 ns
北镇 ns
北镇市 ns
北碚 ns
贝贝客育儿网 gwqz
比特网 gwit
碧海银沙 gwgd
边坝 ns
滨城 ns
滨江 ns
宾夕法尼亚 ns
宾夕法尼亚 nsf
宾阳 ns
兵团电视台 gts
兵团卫视 gtw
波德戈里察 nsf
波多黎各岛 nsf
波多诺夫 nsf
波哥达 nsf
波斯尼亚和黑塞哥维那 ns
波斯尼亚和黑塞哥维那 nsf
博山 ns
博伊西 ns
渤海网 gwot
渤海早报 gntj
采风报 gntj
蔡甸 ns
参考消息 gnqg
仓山 ns
沧浪 ns
察布查尔锡伯 ns
产后妈妈网 gwqz
产后女性网 gwqz
昌黎 ns
硚口区 ns
常德广播电视报 gnhun
常德网 gwhun
常州车网 gwqc
长城网 gwheb
长城在线 gwheb
长春车市网 gwqc
长春电视台 gtc
长春广播电台 grc
长岛 nsf
长江日报 gnhub
长江商报 gnhub
长江网 gwhub
长沙晚报 gnhun
长治日报 gnsx
朝天 ns
朝中社 gakrn
潮南 ns
潮汕少年周刊 gngd
潮州日报 gngd
巢湖日报 gnan
车168 gwqc
车马驿站 gwqc
车盟 gwqc
车品网 gwqc
车评网 gwqc
车前线 gwqc
车神榜网 gwqc
车世界 gwqc
车天下 gwqc
车讯网 gwqc
郴州新闻网 gwhun
郴州在线 gwhun
陈仓 ns
称多 ns
城市画报 gngd
城市快报 gntj
城市商报 gnjs
城市晚报 gnjl
城子河 ns
成安 ns
成报 gnhk
成都电视台 gtc
成都广播电台 grc
成都日报 gnsc
成都商报 gnsc
成都晚报 gnsc
成华 ns
成龙汽车网 gwqc
成武 ns
呈贡 ns
承德日报 gnheb
承德晚报 gnheb
池州日报 gnan
赤坎 ns
崇信 ns
楚天都市报 gnhub
楚天金报 gnhub
楚雄日报 gnyn
楚雄彝族自治州 ns
楚州 ns
川汇 ns
船山 ns
船营 ns
春城晚报 gnyn
慈利 ns
丛台 ns
翠峦 ns
翠屏 ns
措美 ns
措勤 ns
错那 ns
大柴旦 ns
大成报 gntw
大楚网 gwot
大渡口 ns
大公报 gnhk
大河报 gnhen
大河网 gwhen
大河文摘报 gnhen
大纪元时报 gnhk
大纪元时报 gntw
大江晚报 gnan
大江网 gwjx
大连电视台 gtc
大连广播电台 grc
大连开发区报 gnln
大连日报 gnln
大连晚报 gnln
大鹏新闻网 gwdb
大旗网 gwz
大秦网 gwot
大庆车网 gwqc
大庆日报 gnhl
大庆晚报 gnhl
大特克 ns
大特克 nsf
大同日报 gnsx
大同晚报 gnsx
大武口 ns
大悟 ns
大祥 ns
大新 ns
大洋网 gwgd
大姚 ns
大英 ns
大渝网 gwcq
大屿报 gnhk
大众财经网 gwcj
大众电脑报 gnsd
大众健康网 gwjk
大众日报 gnsd
大众网 gwsd
大众网络报 gncq
大众卫生报 gnhun
大竹 ns
带岭 ns
当代财富报 gnan
当代健康报 gnsd
当代女报 gnsa
当代生活报 gngx
德新社 gagm
滴道 ns
地方报社 gntw
第三媒体 gwit
第一财经网 gwcj
第一车网 gwqc
第一亲子网 gwqz
点心卫视 gthk
电白 ns
电脑爱好者网 gwit
电脑报 gncq
电脑报 gnqg
电脑商情报 gnsc
电脑商网 gwit
电脑之家 gwit
电视日报 gnhk
电子报 gnsc
电子电脑报 gnjs
电子时报 gntw
迭部 ns
丁丁网 gwsh
丁青 ns
顶尖财经网 gwcj
定边 ns
定海 ns
定结 ns
定南 ns
定陶 ns
定兴 ns
东阿 ns
东北网 gwdb
东北新闻网 gwdb
东昌 ns
东昌府 ns
东方财富网 gwcj
东方财经 gwcj
东方家庭报 gnhen
东方健康网 gwjk
东方快报 gntw
东方汽车网 gwqc
东方亲子网 gwqz
东方热线 gwjk
东方日报 gnhk
东方少年 gnsh
东方体育报 gnan
东方体育日报 gnsh
东方网 gwsh
东方卫视 gtw
东方新报 gnhun
东方早报 gnsh
东丰 ns
东光 ns
东海岛 ns
东河 ns
东江时报 gngd
东兰 ns
东辽 ns
东明 ns
东南快报 gnfj
东南商报 gnzj
东南网 gwfj
东南卫视 gtw
东南新闻网 gwfj
东南早报 gnfj
东宁 ns
东台日报 gnjs
东亚经贸新闻 gnjl
东营日报 gnsd
东至 ns
东莞日报 gngd
东莞时报 gngd
东莞阳光网 gwgd
洞头 ns
都会时报 gntw
都市家庭报 gnln
都市客网 gwot
都市快报 gnzj
都市女报 gnsd
都市汽车网 gwqc
都市日报 gnhk
独山 ns
读者报 gnsc
端州 ns
掇刀 ns
多多育儿网 gwqz
多米尼加岛 nsf
俄克拉何马城 ns
俄通社 gars
俄新社 gars
额敏 ns
鄂城 ns
二道 ns
二道江 ns
二连浩特 ns
法兰西堡 nsf
法属波利尼西亚 ns
法属波利尼西亚 nsf
法新社 gafr
法制日报 gnbj
番禹日报 gngd
房地产时报 gnsh
房龙网 gwdc
纺织导报 gnbj
菲律宾共和国 nsf
菲尼克斯 ns
非常在线网 gwcj
非常在线网 gwot
飞象网 gwot
枫溪区 ns
峰峰矿区 ns
风尚中国 gwss
讽刺与幽默 gnbj
凤凰网 gwz
凤凰卫视 gthk
凤泉 ns
佛蒙特 ns
佛蒙特 nsf
佛山日报 gngd
扶沟 ns
涪城 ns
福布斯中文网 gwot
福建电视台 gts
福建广播电台 grs
福建侨报 gnfj
福建日报 gnfj
福建之窗 gwfj
福山 ns
福州日报 gnfj
福州晚报 gnfj
抚松 ns
抚远 ns
阜康 ns
阜南 ns
父母网 gwqz
富拉尔基 ns
富蕴 ns
噶尔 ns
盖世汽车网 gwqc
甘井子 ns
甘肃电视台 gts
甘肃广播电台 grs
甘肃经济网 gwgs
甘肃农民报 gngs
甘肃日报 gngs
甘肃卫视 gtw
甘肃新闻网 gwgs
甘州 ns
赣南日报 gnjx
赣榆 ns
岗巴 ns
高端财经 gwcj
高港 ns
高青 ns
高唐 ns
高新技术产业报 gnbj
高邮日报 gnjs
更生日报 gntw
耿马 ns
工农区 ns
工人日报 gnqg
工人时报 gnxj
工商时报 gntw
工商晚报 gnhk
公教报 gnhk
公益时报 gnbj
公营报社 gntw
弓长岭 ns
拱墅 ns
贡井 ns
共同社 n
姑苏晚报 gnjs
古城热线 gwot
固安 ns
固始 ns
固阳 ns
固镇 ns
固镇县 ns
瓜德罗普岛 ns
瓜德罗普岛 nsf
瓜州 ns
瓜州县 ns
光明日报 gnqg
光明网 gwz
广安日报 gnsc
广东电视台 gts
广东工商报 gngd
广东广播电台 grs
广东建设报 gngd
广东卫视 gtw
广东新闻网 gwgd
广陵 ns
广西电力报 gngx
广西电视台 gts
广西工人报 gngx
广西广播电台 grs
广西日报 gngx
广西市场报 gngx
广西卫视 gtw
广西新闻网 gwgx
广西政法报 gngx
广阳 ns
广元日报 gnsc
广州电视台 gtc
广州广播电台 grc
广州日报 gndq
广州日报 gngd
广州视窗 gwgd
广州文摘报 gngd
广州在线 gwgd
硅谷动力 gwit
闺蜜网 gwss
桂林生活网 gwgx
桂阳 ns
贵池 ns
贵阳晚报 gngz
贵州电视台 gts
贵州都市报 gngz
贵州广播电台 grs
贵州日报 gngz
贵州商报 gngz
贵州卫视 gtw
国防时报 gnsc
国防知识报 gnhun
国际金融报 gnsh
国际经贸消息 gnbj
国际日报中国版 gngd
国际商报 gnbj
国际文传电讯社 gars
国际在线 grqg
国际在线 gwz
国语日报 gntw
国语周刊 gntw
哈伯罗内 nsf
哈尔滨电视台 gtc
哈尔滨广播电台 grc
哈尔滨日报 gnhl
哈尔滨资讯网 gwhl
哈里斯堡 nsf
海报网 gwot
海勃湾 ns
海口 ns
海口晚报 gnhan
海林 ns
海陵 ns
海南电视台 gts
海南都市网 gwhan
海南广播电台 grs
海南热线 gwhan
海南日报 gnhan
海南声屏报 gnhan
海南特区法制报 gnhan
海曙 ns
海峡导报 gnfj
海峡都市报 gndq
海峡都市报 gnfj
海峡摄影时报 gnfj
海峡生活报 gnfj
海峡卫视 gtw
海峡消费报 gnfj
海原 ns
海州 ns
海珠 ns
海晏 ns
邯郸晚报 gnheb
邯山 ns
韩联社 gakr
涵江 ns
寒亭 ns
旱溪地区报 gntw
汉滨 ns
汉沽 ns
汉南 ns
汉台 ns
汉网 gwhub
汉阳 ns
杭州电视台 gtc
杭州广播电台 grc
杭州日报 gnzj
杭州网 gwzj
好宝贝育儿网 gwqz
好报 gnhk
好孩子育儿网 gwqz
好太太网 gwqz
好育园网 gwqz
菏泽日报 gnsd
菏泽生活网 gwot
和讯网 gwcj
合川区 ns
合肥晚报 gnan
合肥万家热线 gwah
合肥在线 gwah
合众国际社 gaus
河北电视台 gts
河北法制报 gnheb
河北工人报 gnheb
河北广播电台 grs
河北广电网 gwheb
河北经济日报 gnheb
河北日报 gnheb
河北商报 gnheb
河北卫视 gtw
河北新闻网 gwheb
河北之窗 gwheb
河池日报 gngx
河南电视台 gts
河南法制报 gnhen
河南工人日报 gnhen
河南广播电视报 gnhen
河南广播电台 grs
河南蒙古族自治县 ns
河南农村报 gnhen
河南青年网 gwhen
河南日报 gnhen
河南商报 gnhen
河南网 gwhen
河南卫视 gtw
河南新闻网 gwhen
河源 ns
河源日报 gngd
河源晚报 gngd
河源网 gwgd
赫山 ns
赫章 ns
鹤壁 ns
鹤壁日报 gnhen
鹤城 ns
鹤庆 ns
贺州日报 gngx
黑龙江电视台 gts
黑龙江工人报 gnhl
黑龙江广播电台 grs
黑龙江经济报 gnhl
黑龙江农村报 gnhl
黑龙江日报 gnhl
黑龙江卫视 gtw
红海湾 ns
红海湾经济开发试验区 ns
红河日报 gnyn
红花岗 ns
红网 gwhun
呼和浩特新闻网 gwnm
呼兰区 ns
呼中区 ns
壶关 ns
湖北电力报 gnhub
湖北电视台 gts
湖北广播电台 grs
湖北日报 gnhub
湖北卫视 gtw
湖里 ns
湖南电视台 gts
湖南广播电台 grs
湖南红网 gwhun
湖南经济报 gnhun
湖南经济新闻网 gwhun
湖南科技报 gnhun
湖南汽车网 gwqc
湖南日报 gnhun
湖南卫视 gtw
湖南新闻网 gwhun
湖南在线 gwhun
湖州广播电视报 gnzj
湖州日报 gnzj
湖州晚报 gnzj
虎丘 ns
互联天地 gwzj
沪江网 gwsh
花花女性网 gwss
花溪 ns
花垣 ns
华东旅游报 gnjs
华东新闻 gnsh
华尔街日报网 gwot
华军软件园 gwit
华龙网 gwsc
华南新闻 gngd
华侨管理区 ns
华侨晚报 gnhk
华容 ns
华商报 gnhk
华商报 gnsa
华商晨报 gnln
华声在线 gwcj
华声在线 gwot
华亭 ns
华文在线 gwcj
华文在线网 gwjk
华西都市报 gndq
华西都市报 gnsc
华夏汽车网 gwqc
华夏时报 gnbj
华夏时报网站 gwot
华讯网 gwss
华娱卫视 gthk
华中网 gwot
怀俄明 nsf
淮安日报 gnjs
淮安晚报 gnjs
淮上区 ns
环境与发展报 gnfj
环球财经网 gwcj
环球财讯 gwcj
环球母婴网 gwjk
环球时报 gnbj
环球时报 gnqg
环球网 gwz
黄河电视台 gts
黄河口晚刊 gnsd
黄河新闻网 gwsx
黄石港 ns
黄州 ns
徽县 ns
徽州 ns
慧聪汽车网 gwqc
慧聪网 gwz
惠济区 ns
惠州日报 gngd
会昌 ns
会理 ns
汇优妈妈网 gwqz
火奴鲁鲁 ns
霍林郭勒 ns
基督教论坛报 gntw
机锋网 gwot
鸡东 ns
鸡泽 ns
绩溪 ns
吉布提市 nsf
吉林电视台 gts
吉林广播电台 grs
吉林科技报 gnjl
吉林日报 gnjl
吉林卫视 gtw
吉林在线 gwdb
集邮报 gnsx
几内亚比绍共和国 nsf
济南电视台 gtc
济南广播电台 grc
济南日报 gnsd
济南时报 gnsd
济宁日报 gnsd
济源日报 gnhen
计世网 gwit
计算机世界 gnbj
嘉人网 gwss
嘉兴日报 gnzj
家家网 gwjj
家天下网 gwjj
家庭导报 gnhun
家庭教育导报 gnzj
家庭教育时报 gnsh
家庭医生报 gnjx
家庭与生活报 gnsc
加尔福尼亚 nsf
加格达奇 ns
加格达奇区 ns
贾汪 ns
假日100天 gntj
尖草坪 ns
检察日报 gnbj
健康宝贝网 gwqz
健康报 gnbj
健康报网 gwjk
健康时报 gnbj
健康文摘报 gnbj
将军报 gnhk
江海晚报 gnjs
江淮晨报 gnan
江津区 ns
江门日报 gngd
江南保健报 gnjs
江南都市报 gnjx
江南时报 gnjs
江南晚报 gnjs
江宁 ns
江苏电力报 gnjs
江苏电视台 gts
江苏法制报 gnjs
江苏工人报 gnjs
江苏广播电视报 gnjs
江苏广播电台 grs
江苏经济报 gnjs
江苏商报 gnjs
江苏卫视 gtw
江苏新闻网 gwjs
江苏邮电报电信 gnjs
江西电视台 gts
江西广播电台 grs
江西日报 gnjx
江西卫视 gtw
江西新闻网 gwjx
江源区 ns
焦点家居网 gwjj
焦作日报 gnhen
胶州湾信息港 gwsd
胶州信息港 gwsd
教师报 gnsa
揭阳日报 gngd
揭阳信息港 gwgd
街市报 gnhk
捷克斯洛伐克共和国 ns
捷克斯洛伐克共和国 nsf
解放军报 gnqg
解放牛网 gwcj
解放日报 gnqg
解放日报 gnsh
金边 nsf
金城江 ns
金华日报 gnzj
金华晚报 gnzj
金华新闻网 gwzj
金家庄 ns
金口河 ns
金陵热线 gwjs
金陵晚报 gnjs
金门日报 gntw
金明区 ns
金融界 gwcj
金融时报 gnbj
金融投资报 gnsc
金山屯 ns
金羊网 gwgd
金鹰报 gnhun
金寨 ns
今晨6点 gnsd
今日家庭报 gnjx
今日女报 gnhun
今日商报 gnjs
今日消费 gnhen
今日新闻网 gntw
今日早报 gnzj
今日周刊 gnsh
今晚报 gntj
今晚网 gwot
今早报 gnsa
津南 ns
津市 ns
锦州日报 gnln
锦州晚报 gnln
锦州新闻网 gwdb
晋安 ns
晋宁 ns
晋源 ns
劲报 gntw
荆楚网 gwhub
荆门日报 gnhub
荆门晚报 gnhub
荆州日报 gnhub
晶报 gngd
京华时报 gnbj
京华网 gwbj
京江晚报 gnjs
京郊日报 gnbj
精品购物指南 gnbj
精品健康导刊 gnjs
精神文明报 gnsc
经济参考报 gnqg
经济导报 gnsd
经济观察报 gnqg
经济观察报 gnsd
经济观察在线 gwcj
经济日报 gnqg
经济视点报 gnhen
经济信息时报 gngz
井陉矿 ns
镜湖 ns
靖州 ns
九江日报 gnjx
九龙坡 ns
九州汽车网 gwqc
居巢 ns
巨报 gntw
巨鹿 ns
巨野 ns
卡森城 ns
开发区导报 gnsa
开封日报 gnhen
开福 ns
堪萨斯 nsf
康巴卫视 gtw
康科德 ns
柯城 ns
科技导报 gnhun
科技日报 gnbj
科技资讯网 gwcj
科威特城 ns
科威特城 nsf
科学生活报 gnhl
科学时报 gnbj
克东 ns
克孜勒苏 ns
肯塔基 nsf
垦利 ns
酷爱女性网 gwss
快报 gnhk
快乐妈妈网 gwqz
宽甸 ns
奎屯 ns
奎文 ns
昆都仑 ns
昆明信息港 gwyn
拉美社 gacb
拉萨晚报 gnxz
莱城 ns
莱芜日报 gnsd
莱西日报 gnsd
蓝筹财经网 gwcj
蓝网 gwot
兰山 ns
兰州晨报 gngs
兰州晚报 gngs
兰州新闻网 gwgs
澜沧 ns
琅琊 ns
廊坊新闻网 gwheb
劳动报 gnsh
老边 ns
老年日报 gnhl
老年生活报 gnsd
老友报 gnsx
乐贝育儿网 gwqz
乐东 ns
乐活都市网 gwss
乐山日报 gnsc
雷克亚未克 nsf
里士满 ns
利州区 ns
联邦企业集团 gntw
联合报 gntw
联合报系 gntw
联合晚报 gntw
联合早报网 gwz
连江县政府 gntw
涟源 ns
粮油市场报 gnhen
凉山日报 gnsc
凉州 ns
良庆区 ns
辽宁电视台 gts
辽宁法制报 gnln
辽宁广播电视报 gnln
辽宁广播电台 grs
辽宁老年报 gnln
辽宁农民报 gnln
辽宁热线 gwdb
辽宁日报 gnln
辽宁日报海外版 gnln
辽宁卫视 gtw
辽沈晚报 gnln
辽西商报 gnln
辽阳新闻网 gwdb
辽一网 gwot
辽一网 gwz
辽源 ns
烈山 ns
林甸 ns
林周 ns
临泉 ns
临渭 ns
临武 ns
临西 ns
临湘 ns
临沂日报 gnsd
临淄 ns
零陵区 ns
灵宝晚报 gnhen
岭东 ns
领航汽车网 gwqc
留尼旺岛 ns
留尼旺岛 nsf
柳南 ns
柳州日报 gngx
柳州新闻网 gwgx
六盘水日报 gngz
六盘水晚报 gngz
六一宝宝网 gwqz
龙岗 ns
龙虎网 gwjs
龙马潭 ns
龙亭 ns
龙子湖区 ns
陇南市 ns
娄底新闻网 gwhun
卢森堡市 nsf
庐阳 ns
鲁中晨报 gnsd
路透社 gauk
路易斯安那 nsf
鹿城 ns
旅行报 gnyn
旅游卫视 gtw
萝岗区 ns
罗德城 nsf
洛阳日报 gnhen
洛阳晚报 gnhen
妈妈说 gwqz
麻山 ns
麻阳 ns
麻章 ns
马萨诸塞 nsf
马绍尔群岛 nsf
马朱罗 nsf
马祖日报 gntw
麦积区 ns
猫扑网 gwz
茂港 ns
茂名侨报 gngd
茂名日报 gngd
茂名晚报 gngd
茂南 ns
梅江 ns
梅莱凯奥克 nsf
梅州日报 gngd
梅州视窗 gwgd
每日甘肃 gwgs
每日经济新闻 gwcj
每日商报 gnzj
每日新报 gntj
每周文摘 gnfj
美报 gnsa
美丽婚嫁网 gwss
美联社 gaus
美属萨摩亚群岛 ns
美属萨摩亚群岛 nsf
美属维尔京群岛 ns
美属维尔京群岛 nsf
美术报 gnzj
美新报 gnhk
门头沟 ns
蒙特塞拉特岛 nsf
米东区 ns
米内网 gwot
密克罗尼西亚联邦 nsf
绵阳晚报 gnsc
冕宁 ns
民营经济报 gngd
民众健康网 gwjk
民众日报 gntw
民主与法制时报 gnbj
闽北日报 gnfj
闽东日报 gnfj
闽侯 ns
闽南日报 gnfj
闽清 ns
闽西日报 gnfj
明报 gnhk
明光 ns
名城苏州 gwjs
名城早报 gnjs
名品网 gwss
莫尔兹比港 ns
莫尔兹比港 nsf
墨脱 ns
墨玉 ns
牡丹江晨报 gnhl
牡丹江日报 gnhl
牡丹晚报 gnsd
木垒 ns
什维尔 ns
纳雍 ns
南昌日报 gnjx
南昌商报 gnjx
南昌晚报 gnjx
南充日报 gnsc
南川区 ns
南达科他 ns
南达科他 nsf
南鄂晚报 gnhub
南方电视台 gts
南方都市报 gndq
南方都市报 gngd
南方健康网 gwjk
南方农村报 gngd
南方日报 gndq
南方日报 gngd
南方体育 gnqg
南方网 gwgd
南方卫视 gtw
南方周末 gngd
南芬 ns
南国都市报 gnhan
南国今报 gngx
南国早报 gngx
南海网 gwhan
南湖区 ns
南湖晚报 gnzj
南华早报 gnhk
南郊区 ns
南京晨报 gnjs
南京电视台 gtc
南京都市网 gwjs
南京广播电台 grc
南京热线 gwjs
南京日报 gnjs
南京在线 gwjs
南卡罗来纳 nsf
南宁晚报 gngx
南宁新闻网 gwgx
南区新闻 gnhk
南沙区 ns
南苏丹 nsf
南通日报 gnjs
南通网 gwjs
南阳 ns
南阳日报 gnhen
南阳晚报 gnhen
南岳 ns
南中报 gnhk
南谯 ns
南浔 ns
内比都 ns
内比都 nsf
内蒙古电视台 gts
内蒙古广播电台 grs
内蒙古卫视 gtw
内丘 ns
内乡 ns
尼克西亚 ns
尼克西亚 nsf
尼勒克 ns
尼玛 ns
尼木 ns
碾子山 ns
宁波电视台 gtc
宁波广播电台 grc
宁波侨讯 gnzj
宁波日报 gnzj
宁波晚报 gnzj
宁洱 ns
宁洱哈尼族彝族自治县 ns
宁江 ns
宁夏电视台 gts
宁夏广播电台 grs
宁夏日报 gnnx
宁夏卫视 gtw
农村大众 gnsd
农村新报 gnhub
农林卫视 gtw
农业科技报 gnsa
努美阿 nsf
女人志 gwss
帕劳 nsf
帕里基尔 nsf
帕皮提 nsf
潘集 ns
泡泡网 gwit
澎湖日报 gntw
澎湖时报 gntw
彭城晚报 gnjs
蓬江 ns
蓬莱日报 gnsd
皮尔 ns
皮特克恩岛 ns
皮特克恩岛 nsf
品牌中国网 gwz
品周报 gnhun
苹果日报 gnhk
苹果日报 gntw
平安健康网 gwjk
平顶山日报 gnhen
平顶山晚报 gnhen
平房区 ns
莆田侨乡时报 gnfj
莆田晚报 gnfj
普洱市 ns
普腊亚 nsf
普利茅斯 nsf
普罗维登斯 ns
浦江 ns
戚墅堰 ns
七里河 ns
七丽女性网 gwss
七台河日报 gnhl
七星 ns
齐河 ns
齐家网 gwjj
齐鲁都市网 gwsd
齐鲁热线 gwsd
齐鲁晚报 gnsd
齐鲁网 gwsd
启东 ns
汽车点评网 gwqc
汽车画报网 gwqc
汽车世界中文网 gwqc
汽车市场网 gwqc
汽车探索 gwqc
汽车与运动 gwqc
汽车之家 gwqc
汽车之友 gwqc
汽车中国 gwqc
千龙网 gwbj
千山晚报 gnln
迁安 ns
迁西 ns
乾安 ns
黔西南 ns
黔西南日报 gngz
钱江晚报 gndq
钱江晚报 gnzj
前锋招标日报 gntw
乔治亚苏维埃社会主义共和国 ns
乔治亚苏维埃社会主义共和国 nsf
巧家 ns
茄子河 ns
钦北 ns
钦南 ns
钦州日报 gngx
亲贝贝网 gwqz
亲亲宝宝网 gwqz
亲亲宝贝网 gwqz
秦都 ns
秦淮 ns
秦州 ns
秦州区 ns
沁阳 ns
青白江 ns
青岛财经日报 gnsd
青岛电视台 gtc
青岛广播电台 grc
青岛画报 gnsd
青岛汽车网 gwqc
青岛日报 gnsd
青岛晚报 gnsd
青岛新闻网 gwsd
青岛早报 gnsd
青冈 ns
青海电视台 gts
青海广播电台 grs
青海卫视 gtw
青海新闻 gwqh
青年报 gnsh
青年参考 gnbj
青年日报 gntw
青山湖 ns
青秀区 ns
清远日报 gngd
清远市信息网 gwgd
晴报 gnhk
丘北 ns
球报 gnln
曲江区 ns
曲阳县 ns
驱动之家 gwit
泉港 ns
泉州晚报 gnfj
泉州晚报海外版 gnfj
全景网 gwcj
全球教育网 gwjk
让胡路 ns
热血时报 gnhk
人才市场报 gnsh
人间福报 gntw
人口导报 gnsd
人民报 gnhk
人民法院报 gnbj
人民公安报 gnbj
人民日报 gnqg
人民日报海外版 gnhk
人民网 gwz
人民网广东 gwgd
人民邮电 gnbj
人民政协报 gnbj
任城 ns
任丘 ns
荣成日报 gnsd
融资网 gwcj
乳源 ns
汝州 ns
瑞安 ns
瑞丽家居网 gwjj
瑞丽女性网 gwss
瑞丽网 gwss
萨尔图 ns
萨克拉门托 ns
萨诸塞 ns
塞班 ns
塞班 nsf
塞尔维亚 ns
塞尔维亚 nsf
塞拉里昂 ns
塞拉里昂 nsf
塞勒姆 ns
赛迪网 gwit
赛罕 ns
三河 ns
三晋都市报 gnsx
三九健康网 gwjk
三门峡日报 gnhen
三明日报 gnfj
三秦都市报 gnsa
三山区 ns
三峡都市报 gncq
三峡日报 gnhub
三峡商报 gnhub
三峡晚报 gnhub
三峡宜昌网 gwhub
三湘都市报 gnhun
三亚晨报 gnhan
三亚网 gwhan
桑植 ns
莎车 ns
莎啦婚嫁网 gwss
沙河口 ns
沙坪坝 ns
沙坡头 ns
沙湾 ns
沙依巴克 ns
山东电视台 gts
山东广播电台 grs
山东教育卫视 gtw
山东卫视 gtw
山东新闻网 gwsd
山东邮电报 gnsd
山西电视台 gts
山西广播电台 grs
山西农民报 gnsx
山西日报 gnsx
山西商报 gnsx
山西晚报 gnsx
山西卫视 gtw
山西新闻网 gwsx
山西之窗 gwsx
陕西电视台 gts
陕西广播电台 grs
陕西日报 gnsa
陕西卫视 gtw
汕头第一网 gwgd
汕头都市报 gngd
汕头日报 gngd
汕头特区晚报 gngd
汕尾日报 gngd
汕尾招商网 gwgd
商都网 gwhen
商学院 gwot
上城 ns
上方网 gwot
上海电视台 gts
上海法治报 gnsh
上海广播电台 grs
上海环境报 gnsh
上海家居网 gwjj
上海家庭报 gnsh
上海金融报 gnsh
上海经理人 gwcj
上海科技报 gnsh
上海热线 gwsh
上海日报 gnsh
上海商报 gnsh
上海视窗 gwsh
上海新闻网 gwsh
上海信息港 gwsh
上海星期三 gnsh
上海学生英文报 gnsh
上海译报 gnsh
上海在线 gwsh
上海证券报 gnsh
上海中学生报 gnsh
韶关家园网 gwgd
韶关日报 gngd
少年儿童故事报 gnzj
少年日报 gnsh
绍兴日报 gnzj
绍兴晚报 gnzj
奢侈网 gwss
奢华志网 gwss
蛇口消息报 gngd
射洪 ns
设计前沿 gwss
申报 gnzy
申江服务导报 gnsh
身体无优健康网 gwjk
深港在线 gwsz
深泽 ns
深圳电视台 gtc
深圳都市报 gngd
深圳法制报 gngd
深圳房产信息网 gwsz
深圳广播电台 grc
深圳汽车大世界 gwqc
深圳热线 gwsz
深圳商报 gngd
深圳生活网 gwsz
深圳特区报 gngd
深圳晚报 gngd
深圳卫视 gtw
深圳新闻网 gwsz
深圳信息港 gwsz
深圳在线 gwsz
深圳之窗 gwsz
神木 ns
神农架林区 ns
沈北新区 ns
沈河 ns
沈阳车市网 gwqc
沈阳电视台 gtc
沈阳广播电台 grc
沈阳今报 gnln
沈阳日报 gnln
沈阳晚报 gnln
沈阳网 gwdb
生活报 gnhl
生活日报 gnsd
生活早报 gnheb
生活周报 gnsd
生活周刊 gnsh
生物报 gnsx
圣但尼 ns
圣但尼 nsf
圣多美及普林西比民主共和国 nsf
圣菲 ns
圣卢西亚岛 nsf
圣马利诺 nsf
圣文森特岛 nsf
圣约瑟 nsf
狮子山区 ns
施甸 ns
十堰广播电视报 gnhub
石家庄热线 gwheb
石家庄日报 gnheb
石家庄新闻网 gwheb
石狮日报 gnfj
石油管道报 gnheb
时代周报 gnqg
时空网 gwot
时尚女性网 gwss
时尚汽车网 gwqc
时尚网 gwss
时尚先生 gwss
时尚秀 gwss
时尚伊人网 gwss
时尚元素 gwss
时事社 gajp
始县 ns
世华财讯 gwcj
世界经理人 gwcj
世界体育周报 gnbj
市场报 gnbj
市场信息报 gnsx
市南区 ns
视周刊 gnsd
收藏拍卖导报 gnbj
手机世界 gwit
手机中国 gwit
首都建设报 gnbj
首都之窗 gwbj
首尔 ns
首尔 nsf
疏附 ns
疏勒 ns
书刊报 gnheb
双江拉祜族佤族布朗族傣族自治县 ns
双滦 ns
双台子 ns
爽报 gnhk
爽报 gntw
水磨沟 ns
水母网 gwsd
水曜新闻 gnhk
舜网 gwsd
朔城 ns
斯普林菲尔德 ns
思茅区 ns
四川电视台 gts
四川法制报 gnsc
四川广播电台 grs
四川经济报 gnsc
四川科技报 gnsc
四川农村日报 gnsc
四川日报 gnsc
四川商情网 gwit
四川税务报 gnsc
四川卫视 gtw
四川新闻网 gwsc
四川在线 gwsc
四川政协报 gnsc
四方报 gntw
四方台 ns
松北区 ns
松岭区 ns
搜房网 gwdc
搜狐 gwz
苏州广播电视报 gnjs
苏州汽车网 gwqc
苏州日报 gnjs
宿城 ns
宿迁日报 gnjs
宿迁晚报 gnjs
宿豫区 ns
肃州 ns
随县 ns
遂宁 ns
遂宁日报 gnsc
索尔兹伯里 nsf
塔拉哈西 ns
台安 ns
台湾教会公报 gntw
台湾立报 gntw
台湾时报 gntw
台湾新生报 gntw
台湾新闻报 gntw
台中日报 gntw
台中时报 gntw
台中晚报 gntw
台州日报 gnzj
台州晚报 gnzj
泰安日报 gnsd
泰州日报 gnjs
泰州晚报 gnjs
太平洋电脑网 gwit
太平洋家居网 gwjj
太平洋女性网 gwss
太平洋汽车报价 gwqc
太平洋汽车网 gwqc
太平洋亲子 gwqz
太平洋亲子网 gwjk
太阳报 gnhk
太原日报 gnsx
太原晚报 gnsx
太原新闻网 gwsx
太子河 ns
汤加王国 nsf
汤旺河 ns
塘沽区 ns
唐海 ns
唐河 ns
淘宝网 gwss
特古巴加尔巴 nsf
特克斯群岛和凯科斯群岛 nsf
特立尼达和多巴哥 nsf
特伦顿 ns
特区青年报 gngd
腾冲 ns
腾讯大渝网 gwjd
腾讯网 gwz
体坛周报 gnhun
体育快报 gnbj
体育周报 gnhub
天峨 ns
天府热线网 gwsc
天府早报 gnsc
天极网 gwit
天极网 gwot
天键网 gwdb
天津电视台 gts
天津广播电台 grs
天津老年时报 gntj
天津汽车品牌网 gwqc
天津热线 gwtj
天津日报 gntj
天津网 gwtj
天津卫视 gtw
天津在线 gwtj
天天商报 gnzj
天下财经网 gwcj
天涯网 gwz
天镇 ns
天镇县 ns
天主教周报 gntw
田东 ns
田家庵 ns
田纳西 ns
田纳西 nsf
田阳 ns
铁山 ns
铁山港 ns
通信产业报 gnbj
通信产业网 gwit
铜官山 ns
铜山区 ns
投资界 gwot
投资中国 gwot
头条日报 gnhk
头屯河 ns
图木舒克 ns
图瓦卢 nsf
团城山开发区 ns
托皮卡 ns
挖贝网 gwit
外滩画报 gnsh
晚晴报 gnln
晚霞报 gnsc
万柏林 ns
万车网 gwqc
万维家电网 gwjd
万州 ns
万州日报 gncq
网络编辑网 gwit
网络世界 gnbj
网络新闻 gntw
网上车市 gwqc
网易 gwz
旺报 gntw
望奎 ns
望谟 ns
威海新闻网 gwsd
威斯康星 nsf
微山 ns
潍城 ns
潍坊日报 gnsd
维度女性网 gwss
维扬区 ns
魏都 ns
渭城 ns
尉犁 ns
温州都市报 gnzj
温州汽车网 gwqc
温州日报 gnzj
温州晚报 gnzj
温州网 gwzj
温州新闻网 gwzj
文成 ns
文汇报 gnhk
文汇读书周报 gnqg
文汇读书周报 gnsh
文三街在线 gwit
文山 ns
文圣 ns
文学报 gnsh
文摘报 gnbj
文摘周报 gnsc
文摘周刊 gnan
文萃 gnhun
闻康网 gwjk
涡阳 ns
乌尔禾 ns
乌兰 ns
乌马河 ns
乌恰 ns
乌什 ns
乌苏 ns
乌伊岭 ns
无锡汽车网 gwqc
无锡日报 gnjs
无线电视台 gthk
无忧车网 gwqc
无棣 ns
芜湖日报 gnan
芜湖新闻网 gwot
梧州日报 gngx
吴起县 ns
吴中 ns
武都区 ns
武冈 ns
武汉晨报 gnhub
武汉电视台 gtc
武汉广播电台 grc
武汉热线 gwhub
武汉晚报 gnhub
武汉在线 gwhub
武侯 ns
武江 ns
武进 ns
武陵都市报 gncq
武鸣 ns
武平 ns
武强 ns
武清 ns
武胜 ns
武乡 ns
武宣 ns
武邑 ns
武陟 ns
五通桥 ns
舞台与银幕 gngd
伍家岗 ns
昔阳 ns
西安电视台 gtc
西安广播电视报 gnsa
西安广播电台 grc
西安热线 gwsa
西安商报 gnsa
西安晚报 gnsa
西安新闻网 gwsa
西北信息报 gnsa
西部金融报 gnsc
西部开发报 gngz
西部商报 gngs
西部网 gwsa
西藏电视台 gts
西藏广播电台 grs
西藏广播影视报 gnxz
西藏日报 gnxz
西藏卫视 gtw
西充 ns
西畴 ns
西弗吉尼亚 ns
西弗吉尼亚 nsf
西江日报 gngd
西陵 ns
西南商报 gnsc
西南铁道报 gnsc
西塞山 ns
西沙群岛 ns
西双版纳报 gnyn
西乡塘 ns
西乡塘区 ns
西祠胡同 gwot
溪湖 ns
习水 ns
霞山 ns
厦门电视台 gtc
厦门广播电台 grc
厦门汽车网 gwqc
厦门日报 gnfj
厦门晚报 gnfj
厦门卫视 gtw
夏河 ns
夏洛特阿马利亚 ns
夏洛特阿马利亚 nsf
夏延 ns
夏邑 ns
仙游 ns
咸安 ns
咸宁日报 gnhub
现代快报 gnjs
现代农村报 gnan
现代女报 gnln
现代消费报 gnhun
现代育儿报 gngd
相城 ns
香巴拉家居网 gwjd
香港经济日报 gnhk
香港联合报 gnhk
香港商报 gngd
香港商报 gnhk
香港卫视 gthk
香港夜报 gnhk
香港有线电视 gthk
香港辕门报 gnhk
香洲 ns
襄汾 ns
湘东 ns
湘桥 ns
湘声报 gnhun
乡城 ns
翔安 ns
享活志 gntw
萧山日报 gnzj
消费日报 gnbj
小石城 ns
小熊在线 gwit
小学生报 gnhan
小学生报 gnln
小学生拼音报 gnsx
小学生周报 gnfj
谢家集 ns
新安晚报 gnan
新报 gnhk
新车评网 gwqc
新城快报 gnsc
新城快报 gnzy
新都市报 gnhl
新法制报 gnjx
新抚 ns
新华日报 gnjs
新华社 gacn
新华网 gwz
新疆电视台 gts
新疆广播电视报 gnxj
新疆广播电台 grs
新疆日报网 gwxj
新疆新闻在线 gwxj
新京报 gnbj
新京报网 gwot
新喀里多尼亚 nsf
新快报 gngd
新浪 gwz
新林区 ns
新民生报 gnzj
新民晚报 gndq
新民晚报 gnqg
新民晚报 gnsh
新民网 gwot
新民网 gwsh
新诺中国轿车网 gwqc
新商报 gnln
新生晚报 gnhk
新头壳 gntw
新晚报 gnhk
新晚报 gnhl
新文化报 gnjl
新闻晨报 gnsh
新闻晚报 gnsh
新闻周刊 gngd
新乡日报 gnhen
新易在线网 gwsc
新余日报 gnjx
新源 ns
新洲 ns
忻城 ns
忻府 ns
信报财经新闻 gnhk
信丰 ns
信息参考报 gnzj
信息日报 gnjx
信息时报 gndq
信息时报 gngd
信息早报 gnbj
信阳广播电视报 gnhen
信州 ns
星岛地区报 gnhk
星岛日报 gnhk
星空传媒 gthk
兴隆台 ns
兴庆 ns
邢台新闻网 gwheb
行报 gnsh
杏花岭 ns
休宁 ns
修水 ns
修文 ns
秀峰 ns
秀屿 ns
秀洲 ns
徐水 ns
徐闻 ns
许昌日报 gnhen
叙永 ns
宣恩 ns
宣汉 ns
宣威 ns
宣武报 gnbj
玄武 ns
选车网 gwqc
薛城 ns
学生导报 gnsh
学习报 gnsx
学习时报 gnbj
旬阳 ns
旬邑 ns
寻乌 ns
寻医问药网 gwjk
丫丫网 gwqz
雅安日报 gnsc
雅虎网 gwz
雅江 ns
亚当斯敦 nsf
亚松森 ns
亚松森 nsf
亚洲电视台 gthk
亚洲华尔街日报 gnhk
亚洲经济通讯社 gaas
亚洲经济通讯社 gntw
亚洲新闻通讯社 gaas
亚洲娱乐网 gwss
焉耆 ns
烟台日报 gnsd
烟台晚报 gnsd
盐边 ns
盐阜大众报 gnjs
盐津 ns
盐山 ns
盐亭 ns
盐源 ns
延边卫视 gtw
延边新闻网 gwdb
延川 ns
延吉晚报 gnjl
延津 ns
延平 ns
沿滩 ns
燕赵车网 gwheb
燕赵车网 gwqc
燕赵都市报 gndq
燕赵都市报 gnheb
燕赵晚报 gnheb
雁江 ns
雁山 ns
雁塔 ns
央视网 gwz
扬州广播电视报 gnjs
扬州汽车网 gwqc
扬州日报 gnjs
扬州晚报 gnjs
扬州新闻网 gwjs
扬子晚报 gnjs
羊城地铁报 gngd
羊城地铁报 gnzy
羊城体育 gngd
羊城晚报 gndq
羊城晚报 gngd
阳光卫视 gthk
阳江日报 gngd
阳江视窗 gwgd
阳山 ns
阳西 ns
阳原 ns
漾濞 ns
瑶海 ns
摇篮网 gwjk
摇篮网 gwqz
尧都 ns
姚安 ns
耀州 ns
医网中国 gwjk
医药网 gwjk
伊春广播电视报 gnhl
伊通 ns
伊通社 gayr
伊吾 ns
夷陵 ns
沂蒙晚报 gnsd
沂源 ns
宜宾晚报 gnsc
宜秀区 ns
宜章 ns
彝良 ns
易车网 gwqc
易富网 gwcj
易特网 gwit
义乌日报 gnzj
殷都 ns
音乐周报 gnbj
银川晚报 gnnx
银海 ns
银河网 gwot
银州 ns
印度联合新闻社 gaid
印江 ns
英德 ns
英属维尔京群岛 ns
英属维尔京群岛 nsf
英文公教报 gnhk
英文虎报 gnhk
英语辅导报 gnjl
英语周报 gnsx
鹰手营子矿区 ns
鹰潭 ns
营口日报 gnln
赢周刊 gngd
映象网 grs
永川区 ns
右江日报 gngx
榆阳 ns
榆中 ns
余干 ns
余江 ns
渝北 ns
渝中 ns
禹会区 ns
禹王台区 ns
语文报 gnsx
玉林日报 gngx
玉屏 ns
玉田 ns
玉溪日报 gnyn
玉州 ns
育儿网 gwjk
裕安 ns
裕民 ns
元坝 ns
元宝山 ns
元江 ns
元谋 ns
元氏 ns
元阳 ns
垣曲 ns
原阳 ns
原州 ns
源城 ns
源汇 ns
远安 ns
越西 ns
岳麓 ns
岳塘 ns
岳西 ns
岳阳新闻网 gwhun
月湖 ns
悦己网 gwss
云安 ns
云城 ns
云浮 ns
云浮日报 gngd
云浮信息 gwgd
云和 ns
云龙 ns
云梦 ns
云南车网 gwyn
云南电视台 gts
云南广播电台 grs
云南经济日报 gnyn
云南日报 gnyn
云南日报网 gwyn
云南网 gwyn
云南卫视 gtw
云南新闻网 gwyn
云南信息港 gwyn
云溪 ns
云岩 ns
云阳 ns
杂多 ns
杂文报 gnheb
枣庄日报 gnsd
泽普 ns
曾都 ns
沾益 ns
站前 ns
湛河 ns
湛江日报 gngd
湛江晚报 gngd
招生考试报 gnsc
昭通日报 gnnx
肇庆都市报道 gngd
召陵区 ns
浙江电视台 gts
浙江都市网 gwzj
浙江工人日报 gnzj
浙江广播电视报 gnzj
浙江广播电台 grs
浙江老年报 gnzj
浙江热线 gwzj
浙江日报 gnzj
浙江卫视 gtw
浙江新闻网 gwzj
浙江在线 gwzj
浙江之窗 gwzj
浙中科技报 gnzj
镇安 ns
镇巴 ns
镇巴县 ns
镇海区 ns
镇江日报 gnjs
镇康 ns
镇坪 ns
镇平 ns
镇雄 ns
镇原 ns
镇远 ns
镇沅 ns
镇赉 ns
蒸湘 ns
正安 ns
正宁 ns
政和 ns
郑州日报 gnhen
郑州晚报 gnhen
证券时报 gnbj
证券时报 gnhan
证券时报网 gwcj
芝罘 ns
支点网 gwot
至顶网 gwit
中安网 gwot
中安在线 gwah
中财网 gwcj
中东社 game
中关村商情网 gwit
中关村在线 gwit
中国安防网 gwot
中国包装报 gnbj
中国保险报 gnbj
中国报目报 gnzy
中国财富网 gwcj
中国财经网 gwcj
中国财经信息网 gwcj
中国产业经济信息网 gwcj
中国车网 gwqc
中国车展信息网 gwqc
中国城市轨道交通网 gwot
中国橱卫在线 gwjd
中国地产信息网 gwdc
中国电力报 gnbj
中国电脑教育报 gnbj
中国电子报 gnbj
中国电子商务协会 gwit
中国儿童报 gnqg
中国房地产报 gnbj
中国纺织报 gnbj
中国服饰新闻网 gwss
中国妇女报 gnbj
中国妇女报 gnqg
中国甘肃网 gwgs
中国工商报 gnbj
中国广播网 grqg
中国广播网 gwz
中国轨道交通网 gwot
中国国防报 gnqg
中国国际广播电台 grqg
中国国际美容网 gwjk
中国花卉报 gnbj
中国化妆品网 gwss
中国环境报 gnbj
中国吉林网 gwdb
中国集报信息 gnzy
中国集邮报 gnbj
中国计算机报 gnbj
中国家电网 gwjd
中国家电在线 gwjd
中国家装家居网 gwjj
中国健康网 gwjk
中国建材报 gnbj
中国建设报 gnbj
中国江苏网 gwjs
中国江西网 gwjx
中国交通报 gnbj
中国教师报 gnbj
中国教育报 gnbj
中国教育报 gnqg
中国教育电视台 gtqg
中国教育考试网 gwot
中国教育在线 gwot
中国金融地产网 gwdc
中国金融网 gwcj
中国经济导报 gnbj
中国经济时报 gnbj
中国经济通讯社 gatw
中国经济通讯社CENS gntw
中国经济网 gwz
中国经济新闻网 gwcj
中国经营报 gnbj
中国经营报 gnqg
中国兰州网 gwgs
中国劳动保障报 gnbj
中国老年报 gnbj
中国老年网 gwjk
中国旅行网 gwss
中国旅游报 gnbj
中国贸易报 gnbj
中国煤炭报 gnbj
中国美容时尚 gnsc
中国民航报 gnbj
中国名车网 gwqc
中国母亲网 gwqz
中国宁波网 gwzj
中国女性网 gwjk
中国品牌汽车网 gwqc
中国品牌网 gwz
中国企业报 gnbj
中国企业网 gwz
中国企业新闻网 gwz
中国气象报 gnbj
中国汽车报 gnbj
中国汽车动态网 gwqc
中国汽车服务网 gwqc
中国汽车工业信息网 gwqc
中国汽车商务网 gwqc
中国汽车商用网 gwqc
中国汽车网 gwqc
中国汽车消费网 gwqc
中国汽车新网 gwqc
中国汽车在线 gwqc
中国汽车资源网 gwqc
中国青年报 gnbj
中国青年报 gnqg
中国青年网 gwz
中国日报 gnqg
中国日报网 gwot
中国日报香港版 gnhk
中国融资网 gwcj
中国软件资讯网 gwit
中国山东网 gwsd
中国商报 gnbj
中国商务会展网 gwcj
中国商用汽车网 gwqc
中国少年报 gnbj
中国少年报 gnqg
中国社会报 gnbj
中国石化报 gnbj
中国石油报 gnbj
中国时报 gntw
中国时尚品牌网 gwss
中国时尚在线 gwss
中国食品报 gnbj
中国水利报 gnbj
中国税务报 gnbj
中国税务网 gwot
中国台湾网 gwgd
中国体育报 gnbj
中国通信网 gwit
中国网 gwz
中国网络电视台 gtqg
中国网友报 gnbj
中国卫浴网 gwjj
中国文化报 gnbj
中国乡镇企业报 gnbj
中国消费网 gwcj
中国消费者报 gnbj
中国新闻网 gwz
中国信息报 gnbj
中国信息产业网 gwz
中国信息服务网 gwot
中国畜牧报 gnbj
中国演员报 gnbj
中国冶金报 gnbj
中国医学论坛报 gnbj
中国医药网 gwjk
中国婴童网 gwjk
中国邮政报 gnbj
中国育婴网 gwqz
中国云计算 gwot
中国孕育网 gwqz
中国早教网 gwqz
中国展会网 gwcj
中国政府采购网 gwot
中国证卷网 gwcj
中国证券报 gnbj
中国证券报 gnqg
中国证券网 gwcj
中国质量报 gnbj
中国中医药报 gnbj
中国钟表网 gwss
中国资金网 gwcj
中华读书报 gnbj
中华读书报 gnqg
中华工商时报 gnbj
中华日报 gntw
中华商务网 gwcj
中华时报 gntw
中华网 gwz
中金在线 gwcj
中宁 ns
中评社 gahk
中青网 gwbj
中青在线 gwbj
中人网 gwot
中山日报 gngd
中山商报 gngd
中山网 gwgd
中通社 gahk
中网资讯网 gwcj
中文业界资讯站 gwcj
中小企业IT网 gwit
中小学电脑报 gnhen
中新社 gacn
中新网 gwot
中学生报 gntw
中学生时事政治 gnhen
中学生阅读报 gnsx
中学时事报 gnbj
中央电视台 gtqg
中央人民广播电台 grqg
中央社 gatw
中央社新闻网 gntw
中原硅谷网 gwit
中原铁道报 gnhen
中原网 gwhen
中原网 gwot
中站 ns
中证网 gwcj
重庆晨报 gncq
重庆晨网 gwsc
重庆电视台 gts
重庆广播电视报 gncq
重庆广播电台 grs
重庆经济报 gncq
重庆青年报 gncq
重庆热线 gwcq
重庆日报 gncq
重庆商报 gncq
重庆时报 gncq
重庆晚报 gncq
重庆卫视 gtw
重庆新闻网 gwcq
重庆在线 gwcq
仲巴 ns
舟曲 ns
舟山日报 gnzj
舟山晚报 gnzj
周村 ns
周口日报 gnhen
周宁 ns
周至 ns
珠海广播电视 gngd
珠海特区报 gngd
珠江商报 gngd
珠江时报 gngd
珠江晚报 gngd
珠山 ns
珠晖 ns
朱巴 ns
朱巴 nsf
朱诺 ns
主妇网 gwqz
驻马店日报 gnhen
卓尼 ns
卓众汽车网 gwqc
卓资 ns
姿尚女性网 gwss
淄博日报 gnsd
淄博晚报 gnsd
紫云 ns
子长 ns
子洲 ns
自贡日报 gnsc
自立晚报 gntw
自由时报 gntw
自由新闻报 gntw
宗教报社 gntw
邹平 ns
走进中关村 gwit
足球周报 gnln
组织人事报 gnsh
左贡 ns
左江日报 gngx
左云 ns
作家文摘报 gnbj
作文评点报 gnjl
俾斯麦 ns
郾城区 ns
鄞州 ns
墉桥 ns
茌平 ns
荥经 ns
荥阳 ns
弋江区 ns
岑溪 ns
岚山区 ns
岱岳 ns
峄城 ns
崆峒 ns
嵩明 ns
衢江 ns
衢州日报 gnzj
闵行 ns
阆中 ns
沐川 ns
汴梁晚报 gnhen
浈江 ns
洮北 ns
浏阳日报 gnhun
浔阳 ns
浔阳晚报 gnjx
淇滨 ns
淇滨晚报 gnhen
湄州日报 gnfj
潇湘晨报 gnhun
漯河内陆特区报 gnhen
濠江 ns
灞桥 ns
逍遥津 gnan
婺城 ns
驿城 ns
邕宁区 ns
瑙鲁 nsf
梵蒂冈城 nsf
橄榄树电脑资讯 gwit
犍为 ns
滕州 ns
滕州日报 gnsd
旌阳 ns
禅城 ns
睢阳 ns
鸠江 ns
瘾科技 gwot
覃塘 ns
颍东 ns
颍泉 ns
颍州 ns
鲅鱼圈 ns
红烧肉	gms
可乐鸡翅	gms
水煮鱼	gms
寿司	gms
红烧茄子	gms
电饭锅蛋糕	gms
披萨	gms
饺子	gms
鲫鱼汤	gms
鱼香肉丝	gms
包子	gms
炖排骨	gms
炸酱面	gms
煎饼	gms
炒面	gms
地三鲜	gms
鸡蛋饼	gms
排骨汤	gms
回锅肉	gms
蛋炒饭	gms
红烧排骨	gms
鸡汤	gms
葱油饼	gms
炖鸡	gms
酸辣粉	gms
馒头	gms
农家小炒肉	gms
南瓜饼	gms
辣子鸡	gms
红烧茄子	gms
奶茶	gms
麻辣烫	gms
剁椒鱼头	gms
红烧鸡翅	gms
糖醋排骨	gms
馄饨	gms
酱牛肉	gms
羊肉汤	gms
酸菜鱼	gms
红烧鱼	gms
宫保鸡丁	gms
凉面	gms
东坡肉	gms
鸡蛋羹	gms
糖醋排骨	gms
烧茄子	gms
疙瘩汤	gms
饭团	gms
手撕包菜	gms
拔丝山药	gms
曲奇饼干	gms
冰激凌	gms
炒年糕	gms
红烧狮子头	gms
大盘鸡	gms
沙拉	gms
肉丸	gms
水煮肉片	gms
酸辣土豆丝	gms
土豆泥	gms
花卷	gms
打卤面	gms
啤酒鸭	gms
乌鸡汤	gms
意大利面	gms
自制凉皮	gms
油条	gms
蛋挞	gms
西红柿炖牛腩	gms
鱼香茄子	gms
辣白菜	gms
发糕	gms
木须肉	gms
水煮肉片	gms
糖醋里脊	gms
家常豆腐	gms
骨头汤	gms
粉蒸肉	gms
西红柿炒鸡蛋	gms
生日蛋糕	gms
酸辣汤	gms
奶昔	gms
煎蛋	gms
荷塘小炒	gms
红烧豆腐	gms
干煸豆角	gms
玉米饼	gms
紫菜包饭	gms
双皮奶	gms
京酱肉丝	gms
蚂蚁上树	gms
茶叶蛋	gms
白灼虾	gms
红烧猪蹄	gms
四川泡菜	gms
毛血旺	gms
糖醋鱼	gms
烤鱼	gms
锅包肉	gms
清蒸鲈鱼	gms
香辣虾	gms
葡萄酒	gms
醋溜白菜	gms
臭豆腐	gms
咖喱饭	gms
南瓜粥	gms
红烧带鱼	gms
萝卜汤	gms
泡芙	gms
炒饼	gms
手抓饼	gms
吐司	gms
海绵蛋糕	gms
麻婆豆腐	gms
银耳汤	gms
虎皮青椒	gms
酥饼	gms
卤肉饭	gms
汉堡	gms
麻辣香锅	gms
韭菜盒子	gms
佛跳墙	gms
皮蛋瘦肉粥	gms
回锅肉	gms
冬瓜汤	gms
叉烧肉	gms
香菇油菜	gms
泡椒凤爪	gms
红烧牛肉	gms
口水鸡	gms
香辣蟹	gms
东北乱炖	gms
辣椒油	gms
小鸡炖蘑菇	gms
木耳炒肉	gms
梅菜扣肉	gms
烧卖	gms
苹果醋	gms
鲫鱼豆腐汤	gms
提拉米苏	gms
蛋包饭	gms
慕斯蛋糕	gms
豆沙包	gms
卤牛肉	gms
方便面	gms
牛肉汤	gms
鸡蛋灌饼	gms
醋溜土豆丝	gms
皮蛋豆腐	gms
鱼头豆腐汤	gms
粉蒸排骨	gms
春卷	gms
肉皮冻	gms
牛肉面	gms
拔丝地瓜	gms
椒盐虾	gms
油焖大虾	gms
豆腐脑	gms
炸茄盒	gms
蒜泥茄子	gms
馒头片	gms
拍黄瓜	gms
石锅拌饭	gms
鸡蛋糕	gms
皮蛋瘦肉粥	gms
戚风蛋糕	gms
糖醋鲤鱼	gms
芝士蛋糕	gms
腊肉	gms
罗宋汤	gms
扬州炒饭	gms
四喜丸子	gms
千层肉饼	gms
锅塌豆腐	gms
奥尔良烤翅	gms
酸辣白菜	gms
叫花鸡	gms
拔丝苹果	gms
腊八粥	gms
派	gms
冰糖炖雪梨	gms
薯片	gms
盐焗鸡	gms
上汤娃娃菜	gms
青椒土豆丝	gms
凉拌木耳	gms
麻辣小龙虾	gms
孜然羊肉	gms
白菜炖豆腐	gms
窝窝头	gms
糯米藕	gms
铜锣烧	gms
凉拌黑木耳	gms
咖喱鸡	gms
蒜蓉西兰花	gms
脆皮炸鲜奶	gms
芒果布丁	gms
阳春面	gms
蒜泥白肉	gms
酱爆鸡丁	gms
牛肉炖土豆	gms
炸耦合	gms
酱油炒饭	gms
辣子鸡丁	gms
巧克力蛋糕	gms
牛肉酱	gms
意大利面	gms
松仁玉米	gms
朝鲜冷面	gms
凉拌海带丝	gms
三杯鸡	gms
炒莴笋	gms
冰皮月饼	gms
红烧冬瓜	gms
土豆炖牛肉	gms
麻辣豆腐	gms
葱花饼	gms
青椒炒肉丝	gms
可乐饼	gms
味增汤	gms
照烧鸡	gms
小鸡炖蘑菇	gms
猪肝汤	gms
九转大肠	gms
松鼠鱼	gms
牛奶炖蛋	gms
珍珠丸子	gms
山药排骨汤	gms
炒西瓜皮	gms
宫保豆腐	gms
尖椒土豆片	gms
虎皮凤爪	gms
自制酸奶	gms
自制豆腐	gms
爆炒腰花	gms
紫菜蛋花汤	gms
芹菜炒香干	gms
上校鸡块	gms
肉饼蒸蛋	gms
板栗烧鸡	gms
冬瓜排骨汤	gms
关东煮	gms
可乐鸡翅	gms
酸梅汤	gms
黄瓜炒鸡蛋	gms
手撕杏鲍菇	gms
青椒炒鸡蛋	gms
水晶虾饺	gms
龟苓膏	gms
甜甜圈	gms
酸奶蛋糕	gms
清蒸大闸蟹	gms
红焖羊肉	gms
红烧鸡爪	gms
奶香馒头	gms
鸽子汤	gms
棒棒鸡	gms
老醋花生	gms
铁板鱿鱼	gms
苦瓜炒鸡蛋	gms
麻辣千张	gms
豆角焖面	gms
熘肝尖	gms
固元膏	gms
辣椒酱	gms
糖不甩	gms
八宝粥	gms
肉片炒青椒	gms
肉夹馍	gms
咸蛋黄焗南瓜	gms
蒜蓉油麦菜	gms
四物汤	gms
莲藕排骨汤	gms
鸭血粉丝汤	gms
葱爆羊肉	gms
西芹百合	gms
盐水虾	gms
奶黄包	gms
韭菜炒鱿鱼	gms
全麦面包	gms
香椿鱼儿	gms
把子肉	gms
锅贴	gms
麻辣肉片	gms
韭菜炒香干	gms
赛螃蟹	gms
苏打饼干	gms
香菇油菜	gms
银耳莲子羹	gms
肉龙	gms
肉松面包	gms
毛毛虫面包	gms
宫保虾球	gms
爆米花	gms
肉末酸豆角	gms
香辣烤鱼	gms
清蒸武昌鱼	gms
大列巴	gms
蒜薹炒肉	gms
白灼菜心	gms
咖喱牛肉	gms
腐乳烧鸡翅	gms
布朗尼	gms
乳酪蛋糕	gms
银耳红枣汤	gms
茄汁带鱼	gms
排骨汤	gms
自制剁椒	gms
芙蓉虾	gms
烤鸭	gms
银耳莲子汤	gms
西湖牛肉羹	gms
苦瓜炒肉片	gms
葱烧海参	gms
菠菜炒鸡蛋	gms
烤羊肉串	gms
蛤蜊蒸蛋	gms
菠菜鸡蛋汤	gms
五香毛豆	gms
油泼鱼	gms
香辣酥	gms
龙井虾仁	gms
菊花酥	gms
荷叶粉蒸肉	gms
黑森林蛋糕	gms
木瓜椰奶冻	gms
糖三角	gms
芝心虾球	gms
麻团	gms
黄桥烧饼	gms
蓑衣黄瓜	gms
麻酱豆角	gms
沙琪玛	gms
剁椒鸡丁	gms
面茶	gms
苦瓜酿肉	gms
芝士面包	gms
盐水花生	gms
珍珠圆子	gms
盐水鸭	gms
烤羊肉串	gms
牛肉干	gms
豆沙面包	gms
剁椒鸡丁	gms
香卤鹌鹑蛋	gms
猪肉脯	gms
菠菜塔	gms
咖喱牛腩	gms
艾窝窝	gms
琥珀核桃	gms
赛肘花	gms
白灼芥蓝	gms
自来红	gms
杏仁豆腐	gms
腊味合蒸	gms
糟溜鱼片	gms
司康	gms
荷叶饼	gms
麻辣鸭脖	gms
糖炒栗子	gms
焦糖布丁	gms
炸菠菜脯	gms
手指饼干	gms
五仁月饼	gms
马芬	gms
秋梨膏	gms
热狗面包	gms
酥皮月饼	gms
燕麦饼干	gms
炸香椿鱼	gms
椰蓉球	gms
苏式月饼	gms
珊瑚金钩	gms
冰糖湘莲	gms
糖渍金桔	gms
诗礼银杏	gms
office	grjyy
wps	grjyy
photoshop	grjyy
植物大战僵尸	grjyy
aircraft	gjtgj
airplane	gjtgj
aviation	gjtgj
boat	gjtgj
buoy	gjtgj
bus	gjtgj
coach	gjtgj
decker	gjtgj
jet	gjtgj
liner	gjtgj
long-haul	gjtgj
motor	gjtgj
passenger	gjtgj
plane	gjtgj
ship	gjtgj
streetcar	gjtgj
subway	gjtgj
supersonic	gjtgj
taxicab	gjtgj
tube	gjtgj
airliner	gjtgj
airliner	gjtgj
boat	gjtgj
cabin	gjtgj
civil	gjtgj
coach	gjtgj
double	gjtgj
hovercraft	gjtgj
jet	gjtgj
jet	gjtgj
life	gjtgj
lifeboat	gjtgj
packet	gjtgj
plane	gjtgj
sailing	gjtgj
taxi	gjtgj
train	gjtgj
tramcar	gjtgj
trolleybus	gjtgj
turbofan	gjtgj
turbojet	gjtgj
turboprop	gjtgj
underground	gjtgj
yacht	gjtgj
热气球	gjtgj
班机	gjtgj
班轮	gjtgj
出租汽车	gjtgj
船	gjtgj
大客车	gjtgj
地铁	gjtgj
电车	gjtgj
帆船	gjtgj
飞机	gjtgj
公共汽车	gjtgj
火车	gjtgj
计程汽车	gjtgj
救生圈	gjtgj
救生艇	gjtgj
客机	gjtgj
客轮飞机	gjtgj
民用航空	gjtgj
喷气飞机	gjtgj
喷气机	gjtgj
气垫船	gjtgj
双层公共汽车	gjtgj
涡轮风扇飞机	gjtgj
涡轮螺旋桨飞机	gjtgj
涡轮喷气飞机	gjtgj
无轨电车	gjtgj
邮轮	gjtgj
游船	gjtgj
轮船	gjtgj
有轨电车	gjtgj
远程飞机	gjtgj
远洋班轮	gjtgj
中程飞机	gjtgj
中共代表团	nt